mode: set
github.com/frisky1985/yuleDKCS/backend/dkcs/internal/repository/event_repo.go:31.55,33.2 1 1
github.com/frisky1985/yuleDKCS/backend/dkcs/internal/repository/event_repo.go:36.75,45.16 4 1
github.com/frisky1985/yuleDKCS/backend/dkcs/internal/repository/event_repo.go:45.16,47.3 1 0
github.com/frisky1985/yuleDKCS/backend/dkcs/internal/repository/event_repo.go:49.2,50.87 2 1
github.com/frisky1985/yuleDKCS/backend/dkcs/internal/repository/event_repo.go:50.87,52.3 1 1
github.com/frisky1985/yuleDKCS/backend/dkcs/internal/repository/event_repo.go:54.2,54.12 1 1
github.com/frisky1985/yuleDKCS/backend/dkcs/internal/repository/event_repo.go:58.83,65.16 3 1
github.com/frisky1985/yuleDKCS/backend/dkcs/internal/repository/event_repo.go:65.16,67.3 1 0
github.com/frisky1985/yuleDKCS/backend/dkcs/internal/repository/event_repo.go:69.2,74.16 4 1
github.com/frisky1985/yuleDKCS/backend/dkcs/internal/repository/event_repo.go:74.16,75.27 1 1
github.com/frisky1985/yuleDKCS/backend/dkcs/internal/repository/event_repo.go:75.27,77.4 1 1
github.com/frisky1985/yuleDKCS/backend/dkcs/internal/repository/event_repo.go:78.3,78.57 1 0
github.com/frisky1985/yuleDKCS/backend/dkcs/internal/repository/event_repo.go:81.2,83.20 2 1
github.com/frisky1985/yuleDKCS/backend/dkcs/internal/repository/event_repo.go:87.117,96.2 2 1
github.com/frisky1985/yuleDKCS/backend/dkcs/internal/repository/event_repo.go:99.111,108.2 2 1
github.com/frisky1985/yuleDKCS/backend/dkcs/internal/repository/event_repo.go:111.109,120.2 2 1
github.com/frisky1985/yuleDKCS/backend/dkcs/internal/repository/event_repo.go:123.127,132.16 3 1
github.com/frisky1985/yuleDKCS/backend/dkcs/internal/repository/event_repo.go:132.16,134.3 1 0
github.com/frisky1985/yuleDKCS/backend/dkcs/internal/repository/event_repo.go:136.2,137.16 2 1
github.com/frisky1985/yuleDKCS/backend/dkcs/internal/repository/event_repo.go:137.16,139.3 1 1
github.com/frisky1985/yuleDKCS/backend/dkcs/internal/repository/event_repo.go:140.2,143.18 3 1
github.com/frisky1985/yuleDKCS/backend/dkcs/internal/repository/event_repo.go:143.18,146.55 3 1
github.com/frisky1985/yuleDKCS/backend/dkcs/internal/repository/event_repo.go:146.55,148.4 1 0
github.com/frisky1985/yuleDKCS/backend/dkcs/internal/repository/event_repo.go:149.3,149.27 1 1
github.com/frisky1985/yuleDKCS/backend/dkcs/internal/repository/event_repo.go:152.2,152.19 1 1
github.com/frisky1985/yuleDKCS/backend/dkcs/internal/repository/event_repo.go:155.101,157.16 2 1
github.com/frisky1985/yuleDKCS/backend/dkcs/internal/repository/event_repo.go:157.16,159.3 1 0
github.com/frisky1985/yuleDKCS/backend/dkcs/internal/repository/event_repo.go:161.2,162.16 2 1
github.com/frisky1985/yuleDKCS/backend/dkcs/internal/repository/event_repo.go:162.16,164.3 1 0
github.com/frisky1985/yuleDKCS/backend/dkcs/internal/repository/event_repo.go:165.2,168.18 3 1
github.com/frisky1985/yuleDKCS/backend/dkcs/internal/repository/event_repo.go:168.18,174.17 4 1
github.com/frisky1985/yuleDKCS/backend/dkcs/internal/repository/event_repo.go:174.17,176.4 1 0
github.com/frisky1985/yuleDKCS/backend/dkcs/internal/repository/event_repo.go:178.3,179.34 2 1
github.com/frisky1985/yuleDKCS/backend/dkcs/internal/repository/event_repo.go:182.2,182.20 1 1
github.com/frisky1985/yuleDKCS/backend/dkcs/internal/repository/key_repo.go:40.72,42.2 1 1
github.com/frisky1985/yuleDKCS/backend/dkcs/internal/repository/key_repo.go:45.69,55.16 5 1
github.com/frisky1985/yuleDKCS/backend/dkcs/internal/repository/key_repo.go:55.16,57.3 1 0
github.com/frisky1985/yuleDKCS/backend/dkcs/internal/repository/key_repo.go:59.2,60.87 2 1
github.com/frisky1985/yuleDKCS/backend/dkcs/internal/repository/key_repo.go:60.87,62.3 1 1
github.com/frisky1985/yuleDKCS/backend/dkcs/internal/repository/key_repo.go:65.2,67.12 2 1
github.com/frisky1985/yuleDKCS/backend/dkcs/internal/repository/key_repo.go:71.79,74.36 2 1
github.com/frisky1985/yuleDKCS/backend/dkcs/internal/repository/key_repo.go:74.36,76.3 1 1
github.com/frisky1985/yuleDKCS/backend/dkcs/internal/repository/key_repo.go:78.2,84.16 3 1
github.com/frisky1985/yuleDKCS/backend/dkcs/internal/repository/key_repo.go:84.16,86.3 1 0
github.com/frisky1985/yuleDKCS/backend/dkcs/internal/repository/key_repo.go:88.2,96.16 4 1
github.com/frisky1985/yuleDKCS/backend/dkcs/internal/repository/key_repo.go:96.16,97.27 1 1
github.com/frisky1985/yuleDKCS/backend/dkcs/internal/repository/key_repo.go:97.27,99.4 1 1
github.com/frisky1985/yuleDKCS/backend/dkcs/internal/repository/key_repo.go:100.3,100.55 1 0
github.com/frisky1985/yuleDKCS/backend/dkcs/internal/repository/key_repo.go:103.2,109.18 4 1
github.com/frisky1985/yuleDKCS/backend/dkcs/internal/repository/key_repo.go:113.69,127.16 5 1
github.com/frisky1985/yuleDKCS/backend/dkcs/internal/repository/key_repo.go:127.16,129.3 1 0
github.com/frisky1985/yuleDKCS/backend/dkcs/internal/repository/key_repo.go:131.2,132.16 2 1
github.com/frisky1985/yuleDKCS/backend/dkcs/internal/repository/key_repo.go:132.16,134.3 1 0
github.com/frisky1985/yuleDKCS/backend/dkcs/internal/repository/key_repo.go:136.2,137.23 2 1
github.com/frisky1985/yuleDKCS/backend/dkcs/internal/repository/key_repo.go:137.23,139.3 1 1
github.com/frisky1985/yuleDKCS/backend/dkcs/internal/repository/key_repo.go:142.2,144.12 2 1
github.com/frisky1985/yuleDKCS/backend/dkcs/internal/repository/key_repo.go:148.70,152.16 3 1
github.com/frisky1985/yuleDKCS/backend/dkcs/internal/repository/key_repo.go:152.16,154.3 1 0
github.com/frisky1985/yuleDKCS/backend/dkcs/internal/repository/key_repo.go:156.2,157.16 2 1
github.com/frisky1985/yuleDKCS/backend/dkcs/internal/repository/key_repo.go:157.16,159.3 1 1
github.com/frisky1985/yuleDKCS/backend/dkcs/internal/repository/key_repo.go:162.2,164.12 2 1
github.com/frisky1985/yuleDKCS/backend/dkcs/internal/repository/key_repo.go:168.107,177.2 2 1
github.com/frisky1985/yuleDKCS/backend/dkcs/internal/repository/key_repo.go:180.113,189.2 2 1
github.com/frisky1985/yuleDKCS/backend/dkcs/internal/repository/key_repo.go:192.100,201.2 2 1
github.com/frisky1985/yuleDKCS/backend/dkcs/internal/repository/key_repo.go:203.95,205.16 2 1
github.com/frisky1985/yuleDKCS/backend/dkcs/internal/repository/key_repo.go:205.16,207.3 1 0
github.com/frisky1985/yuleDKCS/backend/dkcs/internal/repository/key_repo.go:209.2,210.16 2 1
github.com/frisky1985/yuleDKCS/backend/dkcs/internal/repository/key_repo.go:210.16,212.3 1 0
github.com/frisky1985/yuleDKCS/backend/dkcs/internal/repository/key_repo.go:213.2,216.18 3 1
github.com/frisky1985/yuleDKCS/backend/dkcs/internal/repository/key_repo.go:216.18,225.17 4 1
github.com/frisky1985/yuleDKCS/backend/dkcs/internal/repository/key_repo.go:225.17,227.4 1 0
github.com/frisky1985/yuleDKCS/backend/dkcs/internal/repository/key_repo.go:229.3,231.28 3 1
github.com/frisky1985/yuleDKCS/backend/dkcs/internal/repository/key_repo.go:234.2,234.18 1 1
github.com/frisky1985/yuleDKCS/backend/dkcs/internal/repository/key_repo.go:238.53,239.34 1 1
github.com/frisky1985/yuleDKCS/backend/dkcs/internal/repository/key_repo.go:239.34,240.36 1 1
github.com/frisky1985/yuleDKCS/backend/dkcs/internal/repository/key_repo.go:240.36,242.4 1 1
github.com/frisky1985/yuleDKCS/backend/dkcs/internal/repository/key_repo.go:244.2,244.14 1 1
github.com/frisky1985/yuleDKCS/backend/dkcs/internal/repository/key_repo.go:247.65,250.2 2 1
github.com/frisky1985/yuleDKCS/backend/dkcs/internal/repository/key_repo.go:252.84,254.16 2 1
github.com/frisky1985/yuleDKCS/backend/dkcs/internal/repository/key_repo.go:254.16,256.3 1 1
github.com/frisky1985/yuleDKCS/backend/dkcs/internal/repository/key_repo.go:258.2,259.51 2 1
github.com/frisky1985/yuleDKCS/backend/dkcs/internal/repository/key_repo.go:259.51,261.3 1 0
github.com/frisky1985/yuleDKCS/backend/dkcs/internal/repository/key_repo.go:263.2,263.18 1 1
github.com/frisky1985/yuleDKCS/backend/dkcs/internal/repository/key_repo.go:266.73,268.2 1 1
github.com/frisky1985/yuleDKCS/backend/dkcs/internal/repository/key_repo.go:270.54,272.2 1 1
github.com/frisky1985/yuleDKCS/backend/dkcs/internal/repository/vehicle_repo.go:45.80,47.2 1 1
github.com/frisky1985/yuleDKCS/backend/dkcs/internal/repository/vehicle_repo.go:50.81,57.16 3 0
github.com/frisky1985/yuleDKCS/backend/dkcs/internal/repository/vehicle_repo.go:57.16,59.3 1 0
github.com/frisky1985/yuleDKCS/backend/dkcs/internal/repository/vehicle_repo.go:61.2,62.87 2 0
github.com/frisky1985/yuleDKCS/backend/dkcs/internal/repository/vehicle_repo.go:62.87,64.3 1 0
github.com/frisky1985/yuleDKCS/backend/dkcs/internal/repository/vehicle_repo.go:67.2,69.12 2 0
github.com/frisky1985/yuleDKCS/backend/dkcs/internal/repository/vehicle_repo.go:73.87,76.33 2 1
github.com/frisky1985/yuleDKCS/backend/dkcs/internal/repository/vehicle_repo.go:76.33,78.3 1 1
github.com/frisky1985/yuleDKCS/backend/dkcs/internal/repository/vehicle_repo.go:80.2,86.16 3 1
github.com/frisky1985/yuleDKCS/backend/dkcs/internal/repository/vehicle_repo.go:86.16,88.3 1 0
github.com/frisky1985/yuleDKCS/backend/dkcs/internal/repository/vehicle_repo.go:90.2,98.16 4 1
github.com/frisky1985/yuleDKCS/backend/dkcs/internal/repository/vehicle_repo.go:98.16,99.27 1 1
github.com/frisky1985/yuleDKCS/backend/dkcs/internal/repository/vehicle_repo.go:99.27,101.4 1 1
github.com/frisky1985/yuleDKCS/backend/dkcs/internal/repository/vehicle_repo.go:102.3,102.59 1 0
github.com/frisky1985/yuleDKCS/backend/dkcs/internal/repository/vehicle_repo.go:106.2,106.25 1 1
github.com/frisky1985/yuleDKCS/backend/dkcs/internal/repository/vehicle_repo.go:106.25,108.3 1 1
github.com/frisky1985/yuleDKCS/backend/dkcs/internal/repository/vehicle_repo.go:111.2,113.22 2 1
github.com/frisky1985/yuleDKCS/backend/dkcs/internal/repository/vehicle_repo.go:117.89,124.16 3 1
github.com/frisky1985/yuleDKCS/backend/dkcs/internal/repository/vehicle_repo.go:124.16,126.3 1 0
github.com/frisky1985/yuleDKCS/backend/dkcs/internal/repository/vehicle_repo.go:128.2,136.16 4 1
github.com/frisky1985/yuleDKCS/backend/dkcs/internal/repository/vehicle_repo.go:136.16,137.27 1 1
github.com/frisky1985/yuleDKCS/backend/dkcs/internal/repository/vehicle_repo.go:137.27,139.4 1 1
github.com/frisky1985/yuleDKCS/backend/dkcs/internal/repository/vehicle_repo.go:140.3,140.59 1 0
github.com/frisky1985/yuleDKCS/backend/dkcs/internal/repository/vehicle_repo.go:143.2,143.25 1 1
github.com/frisky1985/yuleDKCS/backend/dkcs/internal/repository/vehicle_repo.go:143.25,145.3 1 1
github.com/frisky1985/yuleDKCS/backend/dkcs/internal/repository/vehicle_repo.go:147.2,147.22 1 1
github.com/frisky1985/yuleDKCS/backend/dkcs/internal/repository/vehicle_repo.go:151.93,158.16 3 1
github.com/frisky1985/yuleDKCS/backend/dkcs/internal/repository/vehicle_repo.go:158.16,160.3 1 0
github.com/frisky1985/yuleDKCS/backend/dkcs/internal/repository/vehicle_repo.go:162.2,170.16 4 1
github.com/frisky1985/yuleDKCS/backend/dkcs/internal/repository/vehicle_repo.go:170.16,171.27 1 1
github.com/frisky1985/yuleDKCS/backend/dkcs/internal/repository/vehicle_repo.go:171.27,173.4 1 1
github.com/frisky1985/yuleDKCS/backend/dkcs/internal/repository/vehicle_repo.go:174.3,174.59 1 0
github.com/frisky1985/yuleDKCS/backend/dkcs/internal/repository/vehicle_repo.go:177.2,177.25 1 1
github.com/frisky1985/yuleDKCS/backend/dkcs/internal/repository/vehicle_repo.go:177.25,179.3 1 0
github.com/frisky1985/yuleDKCS/backend/dkcs/internal/repository/vehicle_repo.go:181.2,181.22 1 1
github.com/frisky1985/yuleDKCS/backend/dkcs/internal/repository/vehicle_repo.go:185.95,188.14 3 1
github.com/frisky1985/yuleDKCS/backend/dkcs/internal/repository/vehicle_repo.go:188.14,190.3 1 1
github.com/frisky1985/yuleDKCS/backend/dkcs/internal/repository/vehicle_repo.go:192.2,199.16 3 1
github.com/frisky1985/yuleDKCS/backend/dkcs/internal/repository/vehicle_repo.go:199.16,201.3 1 0
github.com/frisky1985/yuleDKCS/backend/dkcs/internal/repository/vehicle_repo.go:203.2,204.16 2 1
github.com/frisky1985/yuleDKCS/backend/dkcs/internal/repository/vehicle_repo.go:204.16,206.3 1 0
github.com/frisky1985/yuleDKCS/backend/dkcs/internal/repository/vehicle_repo.go:208.2,209.23 2 1
github.com/frisky1985/yuleDKCS/backend/dkcs/internal/repository/vehicle_repo.go:209.23,211.3 1 1
github.com/frisky1985/yuleDKCS/backend/dkcs/internal/repository/vehicle_repo.go:214.2,216.12 2 1
github.com/frisky1985/yuleDKCS/backend/dkcs/internal/repository/vehicle_repo.go:220.100,228.16 3 1
github.com/frisky1985/yuleDKCS/backend/dkcs/internal/repository/vehicle_repo.go:228.16,230.3 1 0
github.com/frisky1985/yuleDKCS/backend/dkcs/internal/repository/vehicle_repo.go:232.2,233.16 2 1
github.com/frisky1985/yuleDKCS/backend/dkcs/internal/repository/vehicle_repo.go:233.16,235.3 1 1
github.com/frisky1985/yuleDKCS/backend/dkcs/internal/repository/vehicle_repo.go:237.2,238.12 2 1
github.com/frisky1985/yuleDKCS/backend/dkcs/internal/repository/vehicle_repo.go:242.111,250.16 3 1
github.com/frisky1985/yuleDKCS/backend/dkcs/internal/repository/vehicle_repo.go:250.16,252.3 1 0
github.com/frisky1985/yuleDKCS/backend/dkcs/internal/repository/vehicle_repo.go:254.2,255.16 2 1
github.com/frisky1985/yuleDKCS/backend/dkcs/internal/repository/vehicle_repo.go:255.16,257.3 1 1
github.com/frisky1985/yuleDKCS/backend/dkcs/internal/repository/vehicle_repo.go:259.2,260.12 2 1
github.com/frisky1985/yuleDKCS/backend/dkcs/internal/repository/vehicle_repo.go:264.98,271.2 2 1
github.com/frisky1985/yuleDKCS/backend/dkcs/internal/repository/vehicle_repo.go:273.107,275.16 2 1
github.com/frisky1985/yuleDKCS/backend/dkcs/internal/repository/vehicle_repo.go:275.16,277.3 1 0
github.com/frisky1985/yuleDKCS/backend/dkcs/internal/repository/vehicle_repo.go:279.2,280.16 2 1
github.com/frisky1985/yuleDKCS/backend/dkcs/internal/repository/vehicle_repo.go:280.16,282.3 1 0
github.com/frisky1985/yuleDKCS/backend/dkcs/internal/repository/vehicle_repo.go:283.2,286.18 3 1
github.com/frisky1985/yuleDKCS/backend/dkcs/internal/repository/vehicle_repo.go:286.18,295.17 4 1
github.com/frisky1985/yuleDKCS/backend/dkcs/internal/repository/vehicle_repo.go:295.17,297.4 1 0
github.com/frisky1985/yuleDKCS/backend/dkcs/internal/repository/vehicle_repo.go:299.3,299.26 1 1
github.com/frisky1985/yuleDKCS/backend/dkcs/internal/repository/vehicle_repo.go:299.26,301.4 1 1
github.com/frisky1985/yuleDKCS/backend/dkcs/internal/repository/vehicle_repo.go:302.3,302.40 1 1
github.com/frisky1985/yuleDKCS/backend/dkcs/internal/repository/vehicle_repo.go:305.2,305.22 1 1
github.com/frisky1985/yuleDKCS/backend/dkcs/internal/repository/vehicle_repo.go:308.81,312.2 2 1
github.com/frisky1985/yuleDKCS/backend/dkcs/internal/repository/vehicle_repo.go:314.96,316.16 2 1
github.com/frisky1985/yuleDKCS/backend/dkcs/internal/repository/vehicle_repo.go:316.16,318.3 1 1
github.com/frisky1985/yuleDKCS/backend/dkcs/internal/repository/vehicle_repo.go:320.2,321.55 2 1
github.com/frisky1985/yuleDKCS/backend/dkcs/internal/repository/vehicle_repo.go:321.55,323.3 1 0
github.com/frisky1985/yuleDKCS/backend/dkcs/internal/repository/vehicle_repo.go:325.2,325.22 1 1
github.com/frisky1985/yuleDKCS/backend/dkcs/internal/repository/vehicle_repo.go:328.77,330.2 1 1
github.com/frisky1985/yuleDKCS/backend/dkcs/internal/repository/vehicle_repo.go:332.62,334.2 1 1
github.com/frisky1985/yuleDKCS/backend/dkcs/internal/repository/vehicle_repo.go:336.45,340.2 3 1
