mode: set
github.com/frisky1985/yuleDKCS/backend/hub/pkg/service/device_service.go:61.58,68.2 1 1
github.com/frisky1985/yuleDKCS/backend/hub/pkg/service/device_service.go:71.118,80.31 6 1
github.com/frisky1985/yuleDKCS/backend/hub/pkg/service/device_service.go:80.31,82.3 1 1
github.com/frisky1985/yuleDKCS/backend/hub/pkg/service/device_service.go:84.2,102.20 5 1
github.com/frisky1985/yuleDKCS/backend/hub/pkg/service/device_service.go:106.90,111.9 4 1
github.com/frisky1985/yuleDKCS/backend/hub/pkg/service/device_service.go:111.9,113.3 1 1
github.com/frisky1985/yuleDKCS/backend/hub/pkg/service/device_service.go:114.2,114.20 1 1
github.com/frisky1985/yuleDKCS/backend/hub/pkg/service/device_service.go:118.96,124.31 5 1
github.com/frisky1985/yuleDKCS/backend/hub/pkg/service/device_service.go:124.31,125.33 1 1
github.com/frisky1985/yuleDKCS/backend/hub/pkg/service/device_service.go:125.33,127.4 1 1
github.com/frisky1985/yuleDKCS/backend/hub/pkg/service/device_service.go:129.2,129.20 1 1
github.com/frisky1985/yuleDKCS/backend/hub/pkg/service/device_service.go:134.142,140.9 4 1
github.com/frisky1985/yuleDKCS/backend/hub/pkg/service/device_service.go:140.9,142.3 1 1
github.com/frisky1985/yuleDKCS/backend/hub/pkg/service/device_service.go:143.2,143.29 1 1
github.com/frisky1985/yuleDKCS/backend/hub/pkg/service/device_service.go:143.29,145.3 1 1
github.com/frisky1985/yuleDKCS/backend/hub/pkg/service/device_service.go:148.2,149.37 2 1
github.com/frisky1985/yuleDKCS/backend/hub/pkg/service/device_service.go:149.37,150.55 1 1
github.com/frisky1985/yuleDKCS/backend/hub/pkg/service/device_service.go:150.55,157.4 2 1
github.com/frisky1985/yuleDKCS/backend/hub/pkg/service/device_service.go:161.2,163.40 3 1
github.com/frisky1985/yuleDKCS/backend/hub/pkg/service/device_service.go:163.40,165.3 1 1
github.com/frisky1985/yuleDKCS/backend/hub/pkg/service/device_service.go:165.8,167.3 1 1
github.com/frisky1985/yuleDKCS/backend/hub/pkg/service/device_service.go:168.2,191.21 6 1
github.com/frisky1985/yuleDKCS/backend/hub/pkg/service/device_service.go:195.117,200.9 4 1
github.com/frisky1985/yuleDKCS/backend/hub/pkg/service/device_service.go:200.9,202.3 1 1
github.com/frisky1985/yuleDKCS/backend/hub/pkg/service/device_service.go:203.2,203.29 1 1
github.com/frisky1985/yuleDKCS/backend/hub/pkg/service/device_service.go:203.29,205.3 1 0
github.com/frisky1985/yuleDKCS/backend/hub/pkg/service/device_service.go:207.2,209.29 3 1
github.com/frisky1985/yuleDKCS/backend/hub/pkg/service/device_service.go:209.29,210.27 1 1
github.com/frisky1985/yuleDKCS/backend/hub/pkg/service/device_service.go:210.27,213.4 2 1
github.com/frisky1985/yuleDKCS/backend/hub/pkg/service/device_service.go:216.2,222.21 2 1
github.com/frisky1985/yuleDKCS/backend/hub/pkg/service/device_service.go:226.90,231.9 4 1
github.com/frisky1985/yuleDKCS/backend/hub/pkg/service/device_service.go:231.9,233.3 1 0
github.com/frisky1985/yuleDKCS/backend/hub/pkg/service/device_service.go:234.2,234.29 1 1
github.com/frisky1985/yuleDKCS/backend/hub/pkg/service/device_service.go:234.29,236.3 1 1
github.com/frisky1985/yuleDKCS/backend/hub/pkg/service/device_service.go:239.2,239.41 1 1
github.com/frisky1985/yuleDKCS/backend/hub/pkg/service/device_service.go:239.41,241.3 1 1
github.com/frisky1985/yuleDKCS/backend/hub/pkg/service/device_service.go:244.2,246.29 3 1
github.com/frisky1985/yuleDKCS/backend/hub/pkg/service/device_service.go:246.29,247.21 1 1
github.com/frisky1985/yuleDKCS/backend/hub/pkg/service/device_service.go:247.21,249.4 1 0
github.com/frisky1985/yuleDKCS/backend/hub/pkg/service/device_service.go:251.2,261.12 4 1
github.com/frisky1985/yuleDKCS/backend/hub/pkg/service/dk_server.go:50.40,52.2 1 1
github.com/frisky1985/yuleDKCS/backend/hub/pkg/service/dk_server.go:54.94,64.2 2 1
github.com/frisky1985/yuleDKCS/backend/hub/pkg/service/dk_server.go:66.85,68.2 1 1
github.com/frisky1985/yuleDKCS/backend/hub/pkg/service/dk_server.go:81.38,83.2 1 1
github.com/frisky1985/yuleDKCS/backend/hub/pkg/service/dk_server.go:86.70,90.2 1 0
github.com/frisky1985/yuleDKCS/backend/hub/pkg/service/hub_transport.go:17.98,22.2 1 1
github.com/frisky1985/yuleDKCS/backend/hub/pkg/service/hub_transport.go:25.121,33.9 3 1
github.com/frisky1985/yuleDKCS/backend/hub/pkg/service/hub_transport.go:33.9,38.3 1 1
github.com/frisky1985/yuleDKCS/backend/hub/pkg/service/hub_transport.go:41.2,41.23 1 1
github.com/frisky1985/yuleDKCS/backend/hub/pkg/service/hub_transport.go:42.14,42.14 0 1
github.com/frisky1985/yuleDKCS/backend/hub/pkg/service/hub_transport.go:44.16,44.16 0 0
github.com/frisky1985/yuleDKCS/backend/hub/pkg/service/hub_transport.go:46.15,46.15 0 0
github.com/frisky1985/yuleDKCS/backend/hub/pkg/service/hub_transport.go:48.16,48.16 0 0
github.com/frisky1985/yuleDKCS/backend/hub/pkg/service/hub_transport.go:50.10,53.9 1 1
github.com/frisky1985/yuleDKCS/backend/hub/pkg/service/hub_transport.go:56.2,57.35 2 1
github.com/frisky1985/yuleDKCS/backend/hub/pkg/service/hub_transport.go:61.122,72.2 2 1
github.com/frisky1985/yuleDKCS/backend/hub/pkg/service/hub_transport.go:75.125,78.30 3 1
github.com/frisky1985/yuleDKCS/backend/hub/pkg/service/hub_transport.go:78.30,79.18 1 1
github.com/frisky1985/yuleDKCS/backend/hub/pkg/service/hub_transport.go:79.18,81.9 2 1
github.com/frisky1985/yuleDKCS/backend/hub/pkg/service/hub_transport.go:84.2,87.8 1 1
github.com/frisky1985/yuleDKCS/backend/hub/pkg/service/key_management.go:69.46,73.2 1 1
github.com/frisky1985/yuleDKCS/backend/hub/pkg/service/key_management.go:75.89,79.9 4 1
github.com/frisky1985/yuleDKCS/backend/hub/pkg/service/key_management.go:79.9,81.3 1 1
github.com/frisky1985/yuleDKCS/backend/hub/pkg/service/key_management.go:82.2,82.29 1 1
github.com/frisky1985/yuleDKCS/backend/hub/pkg/service/key_management.go:85.90,89.9 4 1
github.com/frisky1985/yuleDKCS/backend/hub/pkg/service/key_management.go:89.9,91.3 1 0
github.com/frisky1985/yuleDKCS/backend/hub/pkg/service/key_management.go:92.2,92.24 1 1
github.com/frisky1985/yuleDKCS/backend/hub/pkg/service/key_management.go:95.94,99.9 4 1
github.com/frisky1985/yuleDKCS/backend/hub/pkg/service/key_management.go:99.9,101.3 1 0
github.com/frisky1985/yuleDKCS/backend/hub/pkg/service/key_management.go:103.2,104.17 2 1
github.com/frisky1985/yuleDKCS/backend/hub/pkg/service/key_management.go:107.76,113.2 5 1
github.com/frisky1985/yuleDKCS/backend/hub/pkg/service/key_management.go:115.88,119.9 4 1
github.com/frisky1985/yuleDKCS/backend/hub/pkg/service/key_management.go:119.9,121.3 1 1
github.com/frisky1985/yuleDKCS/backend/hub/pkg/service/key_management.go:122.2,123.12 2 1
github.com/frisky1985/yuleDKCS/backend/hub/pkg/service/key_management.go:126.99,130.29 4 1
github.com/frisky1985/yuleDKCS/backend/hub/pkg/service/key_management.go:130.29,131.32 1 1
github.com/frisky1985/yuleDKCS/backend/hub/pkg/service/key_management.go:131.32,134.4 2 1
github.com/frisky1985/yuleDKCS/backend/hub/pkg/service/key_management.go:136.2,136.20 1 1
github.com/frisky1985/yuleDKCS/backend/hub/pkg/service/key_management.go:147.100,153.2 1 1
github.com/frisky1985/yuleDKCS/backend/hub/pkg/service/key_management.go:156.80,159.2 2 1
github.com/frisky1985/yuleDKCS/backend/hub/pkg/service/key_management.go:162.86,165.2 2 1
github.com/frisky1985/yuleDKCS/backend/hub/pkg/service/key_management.go:171.72,173.9 2 1
github.com/frisky1985/yuleDKCS/backend/hub/pkg/service/key_management.go:173.9,175.3 1 1
github.com/frisky1985/yuleDKCS/backend/hub/pkg/service/key_management.go:176.2,178.19 3 1
github.com/frisky1985/yuleDKCS/backend/hub/pkg/service/key_management.go:178.19,180.3 1 1
github.com/frisky1985/yuleDKCS/backend/hub/pkg/service/key_management.go:181.2,181.20 1 1
github.com/frisky1985/yuleDKCS/backend/hub/pkg/service/key_management.go:181.20,183.3 1 1
github.com/frisky1985/yuleDKCS/backend/hub/pkg/service/key_management.go:184.2,184.8 1 1
github.com/frisky1985/yuleDKCS/backend/hub/pkg/service/key_management.go:188.36,190.2 1 1
github.com/frisky1985/yuleDKCS/backend/hub/pkg/service/key_management.go:194.99,197.23 2 1
github.com/frisky1985/yuleDKCS/backend/hub/pkg/service/key_management.go:197.23,199.3 1 1
github.com/frisky1985/yuleDKCS/backend/hub/pkg/service/key_management.go:201.2,202.16 2 1
github.com/frisky1985/yuleDKCS/backend/hub/pkg/service/key_management.go:202.16,209.3 2 0
github.com/frisky1985/yuleDKCS/backend/hub/pkg/service/key_management.go:211.2,211.23 1 1
github.com/frisky1985/yuleDKCS/backend/hub/pkg/service/key_management.go:211.23,218.3 2 1
github.com/frisky1985/yuleDKCS/backend/hub/pkg/service/key_management.go:220.2,220.13 1 1
github.com/frisky1985/yuleDKCS/backend/hub/pkg/service/key_management.go:225.114,234.9 3 1
github.com/frisky1985/yuleDKCS/backend/hub/pkg/service/key_management.go:234.9,239.3 1 1
github.com/frisky1985/yuleDKCS/backend/hub/pkg/service/key_management.go:242.2,243.16 2 1
github.com/frisky1985/yuleDKCS/backend/hub/pkg/service/key_management.go:243.16,249.3 2 1
github.com/frisky1985/yuleDKCS/backend/hub/pkg/service/key_management.go:252.2,252.60 1 1
github.com/frisky1985/yuleDKCS/backend/hub/pkg/service/key_management.go:252.60,262.59 3 1
github.com/frisky1985/yuleDKCS/backend/hub/pkg/service/key_management.go:262.59,269.4 2 0
github.com/frisky1985/yuleDKCS/backend/hub/pkg/service/key_management.go:273.2,275.18 2 1
github.com/frisky1985/yuleDKCS/backend/hub/pkg/service/key_management.go:278.120,283.18 3 1
github.com/frisky1985/yuleDKCS/backend/hub/pkg/service/key_management.go:283.18,286.3 2 1
github.com/frisky1985/yuleDKCS/backend/hub/pkg/service/key_management.go:287.2,287.51 1 1
github.com/frisky1985/yuleDKCS/backend/hub/pkg/service/key_management.go:287.51,291.3 2 1
github.com/frisky1985/yuleDKCS/backend/hub/pkg/service/key_management.go:294.2,295.19 2 1
github.com/frisky1985/yuleDKCS/backend/hub/pkg/service/key_management.go:295.19,298.3 2 1
github.com/frisky1985/yuleDKCS/backend/hub/pkg/service/key_management.go:301.2,302.9 2 1
github.com/frisky1985/yuleDKCS/backend/hub/pkg/service/key_management.go:302.9,307.3 2 0
github.com/frisky1985/yuleDKCS/backend/hub/pkg/service/key_management.go:310.2,310.52 1 1
github.com/frisky1985/yuleDKCS/backend/hub/pkg/service/key_management.go:310.52,316.3 3 0
github.com/frisky1985/yuleDKCS/backend/hub/pkg/service/key_management.go:318.2,319.37 2 1
github.com/frisky1985/yuleDKCS/backend/hub/pkg/service/key_management.go:322.123,327.18 3 1
github.com/frisky1985/yuleDKCS/backend/hub/pkg/service/key_management.go:327.18,330.3 2 1
github.com/frisky1985/yuleDKCS/backend/hub/pkg/service/key_management.go:331.2,331.51 1 1
github.com/frisky1985/yuleDKCS/backend/hub/pkg/service/key_management.go:331.51,335.3 2 0
github.com/frisky1985/yuleDKCS/backend/hub/pkg/service/key_management.go:338.2,339.19 2 1
github.com/frisky1985/yuleDKCS/backend/hub/pkg/service/key_management.go:339.19,342.3 2 0
github.com/frisky1985/yuleDKCS/backend/hub/pkg/service/key_management.go:345.2,345.77 1 1
github.com/frisky1985/yuleDKCS/backend/hub/pkg/service/key_management.go:345.77,351.3 1 0
github.com/frisky1985/yuleDKCS/backend/hub/pkg/service/key_management.go:354.2,354.59 1 1
github.com/frisky1985/yuleDKCS/backend/hub/pkg/service/key_management.go:354.59,355.68 1 0
github.com/frisky1985/yuleDKCS/backend/hub/pkg/service/key_management.go:355.68,360.4 1 0
github.com/frisky1985/yuleDKCS/backend/hub/pkg/service/key_management.go:361.8,366.3 1 1
github.com/frisky1985/yuleDKCS/backend/hub/pkg/service/key_management.go:368.2,369.38 2 1
github.com/frisky1985/yuleDKCS/backend/hub/pkg/service/key_management.go:372.120,377.18 3 1
github.com/frisky1985/yuleDKCS/backend/hub/pkg/service/key_management.go:377.18,380.3 2 1
github.com/frisky1985/yuleDKCS/backend/hub/pkg/service/key_management.go:381.2,381.51 1 1
github.com/frisky1985/yuleDKCS/backend/hub/pkg/service/key_management.go:381.51,385.3 2 0
github.com/frisky1985/yuleDKCS/backend/hub/pkg/service/key_management.go:388.2,389.19 2 1
github.com/frisky1985/yuleDKCS/backend/hub/pkg/service/key_management.go:389.19,392.3 2 0
github.com/frisky1985/yuleDKCS/backend/hub/pkg/service/key_management.go:395.2,395.74 1 1
github.com/frisky1985/yuleDKCS/backend/hub/pkg/service/key_management.go:395.74,400.3 1 0
github.com/frisky1985/yuleDKCS/backend/hub/pkg/service/key_management.go:403.2,403.59 1 1
github.com/frisky1985/yuleDKCS/backend/hub/pkg/service/key_management.go:403.59,404.67 1 0
github.com/frisky1985/yuleDKCS/backend/hub/pkg/service/key_management.go:404.67,409.4 1 0
github.com/frisky1985/yuleDKCS/backend/hub/pkg/service/key_management.go:410.8,414.3 1 1
github.com/frisky1985/yuleDKCS/backend/hub/pkg/service/key_management.go:416.2,417.37 2 1
github.com/frisky1985/yuleDKCS/backend/hub/pkg/service/key_management.go:420.120,425.18 3 1
github.com/frisky1985/yuleDKCS/backend/hub/pkg/service/key_management.go:425.18,428.3 2 1
github.com/frisky1985/yuleDKCS/backend/hub/pkg/service/key_management.go:429.2,429.51 1 1
github.com/frisky1985/yuleDKCS/backend/hub/pkg/service/key_management.go:429.51,433.3 2 1
github.com/frisky1985/yuleDKCS/backend/hub/pkg/service/key_management.go:436.2,437.19 2 1
github.com/frisky1985/yuleDKCS/backend/hub/pkg/service/key_management.go:437.19,440.3 2 0
github.com/frisky1985/yuleDKCS/backend/hub/pkg/service/key_management.go:443.2,444.8 2 1
github.com/frisky1985/yuleDKCS/backend/hub/pkg/service/key_management.go:444.8,445.68 1 0
github.com/frisky1985/yuleDKCS/backend/hub/pkg/service/key_management.go:445.68,448.4 2 0
github.com/frisky1985/yuleDKCS/backend/hub/pkg/service/key_management.go:449.8,451.3 1 1
github.com/frisky1985/yuleDKCS/backend/hub/pkg/service/key_management.go:454.2,457.72 2 1
github.com/frisky1985/yuleDKCS/backend/hub/pkg/service/key_management.go:457.72,460.3 1 1
github.com/frisky1985/yuleDKCS/backend/hub/pkg/service/key_management.go:462.2,467.37 3 1
github.com/frisky1985/yuleDKCS/backend/hub/pkg/service/key_management.go:471.103,472.26 1 1
github.com/frisky1985/yuleDKCS/backend/hub/pkg/service/key_management.go:472.26,479.3 3 1
github.com/frisky1985/yuleDKCS/backend/hub/pkg/service/key_management.go:481.2,496.69 3 1
github.com/frisky1985/yuleDKCS/backend/hub/pkg/service/key_management.go:496.69,504.3 3 1
github.com/frisky1985/yuleDKCS/backend/hub/pkg/service/key_management.go:506.2,511.12 3 1
github.com/frisky1985/yuleDKCS/backend/hub/pkg/service/key_management.go:514.117,519.18 3 1
github.com/frisky1985/yuleDKCS/backend/hub/pkg/service/key_management.go:519.18,522.3 2 1
github.com/frisky1985/yuleDKCS/backend/hub/pkg/service/key_management.go:523.2,523.51 1 1
github.com/frisky1985/yuleDKCS/backend/hub/pkg/service/key_management.go:523.51,527.3 2 0
github.com/frisky1985/yuleDKCS/backend/hub/pkg/service/key_management.go:532.2,533.36 2 1
github.com/frisky1985/yuleDKCS/backend/hub/pkg/service/key_management.go:536.111,539.18 2 1
github.com/frisky1985/yuleDKCS/backend/hub/pkg/service/key_management.go:539.18,541.3 1 1
github.com/frisky1985/yuleDKCS/backend/hub/pkg/service/key_management.go:542.2,542.51 1 1
github.com/frisky1985/yuleDKCS/backend/hub/pkg/service/key_management.go:542.51,545.3 1 1
github.com/frisky1985/yuleDKCS/backend/hub/pkg/service/key_management.go:547.2,547.34 1 1
github.com/frisky1985/yuleDKCS/backend/hub/pkg/service/key_management.go:550.117,554.18 2 1
github.com/frisky1985/yuleDKCS/backend/hub/pkg/service/key_management.go:554.18,556.3 1 1
github.com/frisky1985/yuleDKCS/backend/hub/pkg/service/key_management.go:559.2,559.46 1 1
github.com/frisky1985/yuleDKCS/backend/hub/pkg/service/key_management.go:559.46,560.25 1 1
github.com/frisky1985/yuleDKCS/backend/hub/pkg/service/key_management.go:560.25,563.4 1 1
github.com/frisky1985/yuleDKCS/backend/hub/pkg/service/key_management.go:565.3,565.22 1 1
github.com/frisky1985/yuleDKCS/backend/hub/pkg/service/key_management.go:568.2,569.16 2 1
github.com/frisky1985/yuleDKCS/backend/hub/pkg/service/key_management.go:569.16,571.3 1 0
github.com/frisky1985/yuleDKCS/backend/hub/pkg/service/key_management.go:574.3,574.29 1 1
github.com/frisky1985/yuleDKCS/backend/hub/pkg/service/key_management.go:574.29,576.4 1 1
github.com/frisky1985/yuleDKCS/backend/hub/pkg/service/key_management.go:577.2,577.36 1 1
github.com/frisky1985/yuleDKCS/backend/hub/pkg/service/key_management.go:581.107,592.2 1 1
github.com/frisky1985/yuleDKCS/backend/hub/pkg/service/key_share.go:17.90,22.2 1 1
github.com/frisky1985/yuleDKCS/backend/hub/pkg/service/key_share.go:24.121,33.9 3 1
github.com/frisky1985/yuleDKCS/backend/hub/pkg/service/key_share.go:33.9,37.3 1 1
github.com/frisky1985/yuleDKCS/backend/hub/pkg/service/key_share.go:39.2,39.29 1 1
github.com/frisky1985/yuleDKCS/backend/hub/pkg/service/key_share.go:42.121,46.9 3 1
github.com/frisky1985/yuleDKCS/backend/hub/pkg/service/key_share.go:46.9,48.3 1 1
github.com/frisky1985/yuleDKCS/backend/hub/pkg/service/key_share.go:50.2,50.32 1 1
github.com/frisky1985/yuleDKCS/backend/hub/pkg/service/key_share.go:53.121,55.2 1 1
github.com/frisky1985/yuleDKCS/backend/hub/pkg/service/key_share.go:57.112,59.2 1 1
github.com/frisky1985/yuleDKCS/backend/hub/pkg/service/unified_key_service.go:24.94,41.2 2 1
github.com/frisky1985/yuleDKCS/backend/hub/pkg/service/unified_key_service.go:49.135,85.16 6 1
github.com/frisky1985/yuleDKCS/backend/hub/pkg/service/unified_key_service.go:85.16,87.3 1 0
github.com/frisky1985/yuleDKCS/backend/hub/pkg/service/unified_key_service.go:89.2,100.8 2 1
github.com/frisky1985/yuleDKCS/backend/hub/pkg/service/unified_key_service.go:109.111,122.9 5 1
github.com/frisky1985/yuleDKCS/backend/hub/pkg/service/unified_key_service.go:122.9,125.10 2 1
github.com/frisky1985/yuleDKCS/backend/hub/pkg/service/unified_key_service.go:125.10,130.4 1 1
github.com/frisky1985/yuleDKCS/backend/hub/pkg/service/unified_key_service.go:134.2,138.16 3 1
github.com/frisky1985/yuleDKCS/backend/hub/pkg/service/unified_key_service.go:138.16,144.3 2 0
github.com/frisky1985/yuleDKCS/backend/hub/pkg/service/unified_key_service.go:147.2,149.53 3 1
github.com/frisky1985/yuleDKCS/backend/hub/pkg/service/unified_key_service.go:149.53,151.3 1 0
github.com/frisky1985/yuleDKCS/backend/hub/pkg/service/unified_key_service.go:152.2,158.18 4 1
github.com/frisky1985/yuleDKCS/backend/hub/pkg/service/unified_key_service.go:162.117,167.35 3 0
github.com/frisky1985/yuleDKCS/backend/hub/pkg/service/unified_key_service.go:167.35,168.68 1 0
github.com/frisky1985/yuleDKCS/backend/hub/pkg/service/unified_key_service.go:168.68,170.76 1 0
github.com/frisky1985/yuleDKCS/backend/hub/pkg/service/unified_key_service.go:170.76,176.5 3 0
github.com/frisky1985/yuleDKCS/backend/hub/pkg/service/unified_key_service.go:180.2,181.37 2 0
github.com/frisky1985/yuleDKCS/backend/hub/pkg/service/unified_key_service.go:185.120,190.35 3 1
github.com/frisky1985/yuleDKCS/backend/hub/pkg/service/unified_key_service.go:190.35,191.68 1 0
github.com/frisky1985/yuleDKCS/backend/hub/pkg/service/unified_key_service.go:191.69,193.4 0 0
github.com/frisky1985/yuleDKCS/backend/hub/pkg/service/unified_key_service.go:196.2,196.38 1 1
github.com/frisky1985/yuleDKCS/backend/hub/pkg/service/unified_key_service.go:200.117,203.2 2 1
github.com/frisky1985/yuleDKCS/backend/hub/pkg/service/unified_key_service.go:206.117,214.35 3 0
github.com/frisky1985/yuleDKCS/backend/hub/pkg/service/unified_key_service.go:214.35,215.68 1 0
github.com/frisky1985/yuleDKCS/backend/hub/pkg/service/unified_key_service.go:215.68,217.20 2 0
github.com/frisky1985/yuleDKCS/backend/hub/pkg/service/unified_key_service.go:217.20,223.5 3 0
github.com/frisky1985/yuleDKCS/backend/hub/pkg/service/unified_key_service.go:227.2,228.37 2 0
github.com/frisky1985/yuleDKCS/backend/hub/pkg/service/unified_key_service.go:232.114,240.35 3 0
github.com/frisky1985/yuleDKCS/backend/hub/pkg/service/unified_key_service.go:240.35,241.68 1 0
github.com/frisky1985/yuleDKCS/backend/hub/pkg/service/unified_key_service.go:241.68,243.20 2 0
github.com/frisky1985/yuleDKCS/backend/hub/pkg/service/unified_key_service.go:243.20,249.5 3 0
github.com/frisky1985/yuleDKCS/backend/hub/pkg/service/unified_key_service.go:253.2,254.36 2 0
github.com/frisky1985/yuleDKCS/backend/hub/pkg/service/unified_key_service.go:258.108,263.9 4 1
github.com/frisky1985/yuleDKCS/backend/hub/pkg/service/unified_key_service.go:263.9,266.3 1 1
github.com/frisky1985/yuleDKCS/backend/hub/pkg/service/unified_key_service.go:268.2,274.8 3 0
github.com/frisky1985/yuleDKCS/backend/hub/pkg/service/unified_key_service.go:278.114,286.35 4 1
github.com/frisky1985/yuleDKCS/backend/hub/pkg/service/unified_key_service.go:286.35,287.28 1 0
github.com/frisky1985/yuleDKCS/backend/hub/pkg/service/unified_key_service.go:287.28,291.4 1 0
github.com/frisky1985/yuleDKCS/backend/hub/pkg/service/unified_key_service.go:294.2,296.8 1 1
github.com/frisky1985/yuleDKCS/backend/hub/pkg/service/unified_key_service.go:304.123,316.17 4 0
github.com/frisky1985/yuleDKCS/backend/hub/pkg/service/unified_key_service.go:316.17,319.3 1 0
github.com/frisky1985/yuleDKCS/backend/hub/pkg/service/unified_key_service.go:320.2,320.49 1 0
github.com/frisky1985/yuleDKCS/backend/hub/pkg/service/unified_key_service.go:320.49,322.3 1 0
github.com/frisky1985/yuleDKCS/backend/hub/pkg/service/unified_key_service.go:323.2,323.19 1 0
github.com/frisky1985/yuleDKCS/backend/hub/pkg/service/unified_key_service.go:323.19,325.3 1 0
github.com/frisky1985/yuleDKCS/backend/hub/pkg/service/unified_key_service.go:328.2,349.70 6 0
github.com/frisky1985/yuleDKCS/backend/hub/pkg/service/unified_key_service.go:349.70,351.3 1 0
github.com/frisky1985/yuleDKCS/backend/hub/pkg/service/unified_key_service.go:353.2,357.8 2 0
github.com/frisky1985/yuleDKCS/backend/hub/pkg/service/unified_key_service.go:361.123,372.59 4 0
github.com/frisky1985/yuleDKCS/backend/hub/pkg/service/unified_key_service.go:372.59,374.19 2 0
github.com/frisky1985/yuleDKCS/backend/hub/pkg/service/unified_key_service.go:374.19,380.4 3 0
github.com/frisky1985/yuleDKCS/backend/hub/pkg/service/unified_key_service.go:383.2,385.39 3 0
github.com/frisky1985/yuleDKCS/backend/hub/pkg/service/unified_key_service.go:389.123,396.2 3 1
github.com/frisky1985/yuleDKCS/backend/hub/pkg/service/unified_key_service.go:399.114,405.2 2 1
github.com/frisky1985/yuleDKCS/backend/hub/pkg/service/unified_key_service.go:412.129,422.9 4 1
github.com/frisky1985/yuleDKCS/backend/hub/pkg/service/unified_key_service.go:422.9,426.3 1 1
github.com/frisky1985/yuleDKCS/backend/hub/pkg/service/unified_key_service.go:429.2,439.18 4 0
github.com/frisky1985/yuleDKCS/backend/hub/pkg/service/unified_key_service.go:439.18,443.3 1 0
github.com/frisky1985/yuleDKCS/backend/hub/pkg/service/unified_key_service.go:445.2,451.16 3 0
github.com/frisky1985/yuleDKCS/backend/hub/pkg/service/unified_key_service.go:451.16,453.3 1 0
github.com/frisky1985/yuleDKCS/backend/hub/pkg/service/unified_key_service.go:456.2,456.81 1 0
github.com/frisky1985/yuleDKCS/backend/hub/pkg/service/unified_key_service.go:456.81,460.3 1 0
github.com/frisky1985/yuleDKCS/backend/hub/pkg/service/unified_key_service.go:462.2,464.42 2 0
github.com/frisky1985/yuleDKCS/backend/hub/pkg/service/unified_key_service.go:468.130,476.2 3 0
github.com/frisky1985/yuleDKCS/backend/hub/pkg/service/unified_key_service.go:484.119,492.63 4 0
github.com/frisky1985/yuleDKCS/backend/hub/pkg/service/unified_key_service.go:492.63,497.17 3 0
github.com/frisky1985/yuleDKCS/backend/hub/pkg/service/unified_key_service.go:497.17,499.4 1 0
github.com/frisky1985/yuleDKCS/backend/hub/pkg/service/unified_key_service.go:502.2,502.35 1 0
github.com/frisky1985/yuleDKCS/backend/hub/pkg/service/unified_key_service.go:509.120,516.21 3 1
github.com/frisky1985/yuleDKCS/backend/hub/pkg/service/unified_key_service.go:516.21,518.3 1 1
github.com/frisky1985/yuleDKCS/backend/hub/pkg/service/unified_key_service.go:521.2,521.26 1 1
github.com/frisky1985/yuleDKCS/backend/hub/pkg/service/unified_key_service.go:521.26,529.17 4 0
github.com/frisky1985/yuleDKCS/backend/hub/pkg/service/unified_key_service.go:529.17,533.93 2 0
github.com/frisky1985/yuleDKCS/backend/hub/pkg/service/unified_key_service.go:533.93,538.5 1 0
github.com/frisky1985/yuleDKCS/backend/hub/pkg/service/unified_key_service.go:540.3,540.13 1 0
github.com/frisky1985/yuleDKCS/backend/hub/pkg/service/unified_key_service.go:543.2,543.36 1 1
github.com/frisky1985/yuleDKCS/backend/hub/pkg/service/unified_key_service.go:547.123,554.2 2 1
github.com/frisky1985/yuleDKCS/backend/hub/pkg/service/unified_key_service.go:560.93,563.42 2 1
github.com/frisky1985/yuleDKCS/backend/hub/pkg/service/unified_key_service.go:563.42,565.3 1 1
github.com/frisky1985/yuleDKCS/backend/hub/pkg/service/unified_key_service.go:568.2,568.20 1 0
github.com/frisky1985/yuleDKCS/backend/hub/pkg/service/unified_key_service.go:568.20,570.3 1 0
github.com/frisky1985/yuleDKCS/backend/hub/pkg/service/unified_key_service.go:572.2,573.9 2 0
github.com/frisky1985/yuleDKCS/backend/hub/pkg/service/unified_key_service.go:574.38,575.30 1 0
github.com/frisky1985/yuleDKCS/backend/hub/pkg/service/unified_key_service.go:576.21,577.30 1 0
github.com/frisky1985/yuleDKCS/backend/hub/pkg/service/unified_key_service.go:578.38,579.33 1 0
github.com/frisky1985/yuleDKCS/backend/hub/pkg/service/unified_key_service.go:580.38,581.33 1 0
github.com/frisky1985/yuleDKCS/backend/hub/pkg/service/unified_key_service.go:582.10,583.33 1 0
github.com/frisky1985/yuleDKCS/backend/hub/pkg/service/unified_key_service.go:587.81,588.11 1 1
github.com/frisky1985/yuleDKCS/backend/hub/pkg/service/unified_key_service.go:589.14,590.28 1 1
github.com/frisky1985/yuleDKCS/backend/hub/pkg/service/unified_key_service.go:591.16,592.30 1 1
github.com/frisky1985/yuleDKCS/backend/hub/pkg/service/unified_key_service.go:593.22,594.35 1 1
github.com/frisky1985/yuleDKCS/backend/hub/pkg/service/unified_key_service.go:595.21,596.34 1 1
github.com/frisky1985/yuleDKCS/backend/hub/pkg/service/unified_key_service.go:597.20,598.33 1 1
github.com/frisky1985/yuleDKCS/backend/hub/pkg/service/unified_key_service.go:599.21,600.34 1 1
github.com/frisky1985/yuleDKCS/backend/hub/pkg/service/unified_key_service.go:601.14,602.31 1 1
github.com/frisky1985/yuleDKCS/backend/hub/pkg/service/unified_key_service.go:603.20,604.33 1 1
github.com/frisky1985/yuleDKCS/backend/hub/pkg/service/unified_key_service.go:605.21,606.34 1 1
github.com/frisky1985/yuleDKCS/backend/hub/pkg/service/unified_key_service.go:607.10,608.35 1 1
github.com/frisky1985/yuleDKCS/backend/hub/pkg/service/unified_key_service.go:612.104,621.2 1 1
github.com/frisky1985/yuleDKCS/backend/hub/pkg/service/vehicle_control.go:16.74,20.2 1 1
github.com/frisky1985/yuleDKCS/backend/hub/pkg/service/vehicle_control.go:22.133,45.2 2 1
github.com/frisky1985/yuleDKCS/backend/hub/pkg/service/vehicle_control.go:47.134,55.6 4 0
github.com/frisky1985/yuleDKCS/backend/hub/pkg/service/vehicle_control.go:55.6,56.10 1 0
github.com/frisky1985/yuleDKCS/backend/hub/pkg/service/vehicle_control.go:57.34,58.33 1 0
github.com/frisky1985/yuleDKCS/backend/hub/pkg/service/vehicle_control.go:59.19,65.46 2 0
github.com/frisky1985/yuleDKCS/backend/hub/pkg/service/vehicle_control.go:65.46,67.5 1 0
