mode: set
github.com/frisky1985/yuleDKCS/backend/dkcs/internal/middleware/jwt.go:20.73,21.104 1 1
github.com/frisky1985/yuleDKCS/backend/dkcs/internal/middleware/jwt.go:21.104,23.58 1 1
github.com/frisky1985/yuleDKCS/backend/dkcs/internal/middleware/jwt.go:23.58,25.4 1 0
github.com/frisky1985/yuleDKCS/backend/dkcs/internal/middleware/jwt.go:26.3,26.32 1 1
github.com/frisky1985/yuleDKCS/backend/dkcs/internal/middleware/jwt.go:28.2,28.16 1 1
github.com/frisky1985/yuleDKCS/backend/dkcs/internal/middleware/jwt.go:28.16,30.3 1 1
github.com/frisky1985/yuleDKCS/backend/dkcs/internal/middleware/jwt.go:32.2,33.25 2 1
github.com/frisky1985/yuleDKCS/backend/dkcs/internal/middleware/jwt.go:33.25,35.3 1 0
github.com/frisky1985/yuleDKCS/backend/dkcs/internal/middleware/jwt.go:37.2,37.20 1 1
github.com/frisky1985/yuleDKCS/backend/dkcs/internal/middleware/middleware.go:18.68,19.128 1 1
github.com/frisky1985/yuleDKCS/backend/dkcs/internal/middleware/middleware.go:19.128,21.56 1 1
github.com/frisky1985/yuleDKCS/backend/dkcs/internal/middleware/middleware.go:21.56,23.4 1 1
github.com/frisky1985/yuleDKCS/backend/dkcs/internal/middleware/middleware.go:25.3,26.10 2 1
github.com/frisky1985/yuleDKCS/backend/dkcs/internal/middleware/middleware.go:26.10,28.4 1 1
github.com/frisky1985/yuleDKCS/backend/dkcs/internal/middleware/middleware.go:30.3,31.27 2 1
github.com/frisky1985/yuleDKCS/backend/dkcs/internal/middleware/middleware.go:31.27,33.4 1 1
github.com/frisky1985/yuleDKCS/backend/dkcs/internal/middleware/middleware.go:35.3,36.18 2 1
github.com/frisky1985/yuleDKCS/backend/dkcs/internal/middleware/middleware.go:36.18,38.4 1 0
github.com/frisky1985/yuleDKCS/backend/dkcs/internal/middleware/middleware.go:41.3,42.17 2 1
github.com/frisky1985/yuleDKCS/backend/dkcs/internal/middleware/middleware.go:42.17,44.4 1 1
github.com/frisky1985/yuleDKCS/backend/dkcs/internal/middleware/middleware.go:47.3,50.27 3 1
github.com/frisky1985/yuleDKCS/backend/dkcs/internal/middleware/middleware.go:55.70,58.128 2 1
github.com/frisky1985/yuleDKCS/backend/dkcs/internal/middleware/middleware.go:58.128,59.23 1 1
github.com/frisky1985/yuleDKCS/backend/dkcs/internal/middleware/middleware.go:59.23,61.4 1 1
github.com/frisky1985/yuleDKCS/backend/dkcs/internal/middleware/middleware.go:62.3,62.27 1 1
github.com/frisky1985/yuleDKCS/backend/dkcs/internal/middleware/middleware.go:67.76,68.128 1 1
github.com/frisky1985/yuleDKCS/backend/dkcs/internal/middleware/middleware.go:68.128,82.17 5 1
github.com/frisky1985/yuleDKCS/backend/dkcs/internal/middleware/middleware.go:82.17,88.4 1 1
github.com/frisky1985/yuleDKCS/backend/dkcs/internal/middleware/middleware.go:88.9,93.4 1 1
github.com/frisky1985/yuleDKCS/backend/dkcs/internal/middleware/middleware.go:95.3,95.19 1 1
github.com/frisky1985/yuleDKCS/backend/dkcs/internal/middleware/middleware.go:100.77,101.137 1 1
github.com/frisky1985/yuleDKCS/backend/dkcs/internal/middleware/middleware.go:101.137,102.16 1 1
github.com/frisky1985/yuleDKCS/backend/dkcs/internal/middleware/middleware.go:102.16,103.32 1 1
github.com/frisky1985/yuleDKCS/backend/dkcs/internal/middleware/middleware.go:103.32,109.5 2 1
github.com/frisky1985/yuleDKCS/backend/dkcs/internal/middleware/middleware.go:111.3,111.27 1 1
github.com/frisky1985/yuleDKCS/backend/dkcs/internal/middleware/middleware.go:116.76,117.128 1 1
github.com/frisky1985/yuleDKCS/backend/dkcs/internal/middleware/middleware.go:117.128,124.13 5 1
github.com/frisky1985/yuleDKCS/backend/dkcs/internal/middleware/middleware.go:124.13,126.18 2 1
github.com/frisky1985/yuleDKCS/backend/dkcs/internal/middleware/middleware.go:126.18,128.5 1 1
github.com/frisky1985/yuleDKCS/backend/dkcs/internal/middleware/middleware.go:128.10,130.5 1 1
github.com/frisky1985/yuleDKCS/backend/dkcs/internal/middleware/middleware.go:133.3,133.10 1 1
github.com/frisky1985/yuleDKCS/backend/dkcs/internal/middleware/middleware.go:134.21,135.71 1 1
github.com/frisky1985/yuleDKCS/backend/dkcs/internal/middleware/middleware.go:136.25,137.20 1 1
github.com/frisky1985/yuleDKCS/backend/dkcs/internal/middleware/middleware.go:138.23,139.19 1 1
github.com/frisky1985/yuleDKCS/backend/dkcs/internal/middleware/middleware.go:145.78,146.128 1 1
github.com/frisky1985/yuleDKCS/backend/dkcs/internal/middleware/middleware.go:146.128,153.17 5 1
github.com/frisky1985/yuleDKCS/backend/dkcs/internal/middleware/middleware.go:153.17,154.42 1 1
github.com/frisky1985/yuleDKCS/backend/dkcs/internal/middleware/middleware.go:154.42,156.5 1 1
github.com/frisky1985/yuleDKCS/backend/dkcs/internal/middleware/middleware.go:159.3,161.19 2 1
github.com/frisky1985/yuleDKCS/backend/dkcs/internal/middleware/middleware.go:182.44,190.28 2 1
github.com/frisky1985/yuleDKCS/backend/dkcs/internal/middleware/middleware.go:190.28,192.3 1 1
github.com/frisky1985/yuleDKCS/backend/dkcs/internal/middleware/middleware.go:195.2,195.12 1 1
github.com/frisky1985/yuleDKCS/backend/dkcs/internal/middleware/middleware.go:195.12,198.7 3 1
github.com/frisky1985/yuleDKCS/backend/dkcs/internal/middleware/middleware.go:198.7,199.11 1 1
github.com/frisky1985/yuleDKCS/backend/dkcs/internal/middleware/middleware.go:200.20,201.12 1 0
github.com/frisky1985/yuleDKCS/backend/dkcs/internal/middleware/middleware.go:202.34,202.34 0 0
github.com/frisky1985/yuleDKCS/backend/dkcs/internal/middleware/middleware.go:203.13,203.13 0 0
github.com/frisky1985/yuleDKCS/backend/dkcs/internal/middleware/middleware.go:205.21,206.11 1 1
github.com/frisky1985/yuleDKCS/backend/dkcs/internal/middleware/middleware.go:211.2,211.11 1 1
github.com/frisky1985/yuleDKCS/backend/dkcs/internal/middleware/middleware.go:216.31,219.17 3 1
github.com/frisky1985/yuleDKCS/backend/dkcs/internal/middleware/middleware.go:219.17,222.3 2 1
github.com/frisky1985/yuleDKCS/backend/dkcs/internal/middleware/middleware.go:225.37,226.9 1 1
github.com/frisky1985/yuleDKCS/backend/dkcs/internal/middleware/middleware.go:227.19,228.14 1 1
github.com/frisky1985/yuleDKCS/backend/dkcs/internal/middleware/middleware.go:229.10,230.15 1 1
github.com/frisky1985/yuleDKCS/backend/dkcs/internal/middleware/middleware.go:235.97,236.128 1 1
github.com/frisky1985/yuleDKCS/backend/dkcs/internal/middleware/middleware.go:236.128,238.47 2 1
github.com/frisky1985/yuleDKCS/backend/dkcs/internal/middleware/middleware.go:238.47,241.76 3 1
github.com/frisky1985/yuleDKCS/backend/dkcs/internal/middleware/middleware.go:241.76,243.5 1 1
github.com/frisky1985/yuleDKCS/backend/dkcs/internal/middleware/middleware.go:245.3,245.25 1 1
github.com/frisky1985/yuleDKCS/backend/dkcs/internal/middleware/jwt.go:20.73,21.104 1 1
github.com/frisky1985/yuleDKCS/backend/dkcs/internal/middleware/jwt.go:21.104,23.58 1 1
github.com/frisky1985/yuleDKCS/backend/dkcs/internal/middleware/jwt.go:23.58,25.4 1 0
github.com/frisky1985/yuleDKCS/backend/dkcs/internal/middleware/jwt.go:26.3,26.32 1 1
github.com/frisky1985/yuleDKCS/backend/dkcs/internal/middleware/jwt.go:28.2,28.16 1 1
github.com/frisky1985/yuleDKCS/backend/dkcs/internal/middleware/jwt.go:28.16,30.3 1 1
github.com/frisky1985/yuleDKCS/backend/dkcs/internal/middleware/jwt.go:32.2,33.25 2 1
github.com/frisky1985/yuleDKCS/backend/dkcs/internal/middleware/jwt.go:33.25,35.3 1 0
github.com/frisky1985/yuleDKCS/backend/dkcs/internal/middleware/jwt.go:37.2,37.20 1 1
github.com/frisky1985/yuleDKCS/backend/dkcs/internal/middleware/middleware.go:18.68,19.128 1 1
github.com/frisky1985/yuleDKCS/backend/dkcs/internal/middleware/middleware.go:19.128,21.56 1 1
github.com/frisky1985/yuleDKCS/backend/dkcs/internal/middleware/middleware.go:21.56,23.4 1 1
github.com/frisky1985/yuleDKCS/backend/dkcs/internal/middleware/middleware.go:25.3,26.10 2 1
github.com/frisky1985/yuleDKCS/backend/dkcs/internal/middleware/middleware.go:26.10,28.4 1 1
github.com/frisky1985/yuleDKCS/backend/dkcs/internal/middleware/middleware.go:30.3,31.27 2 1
github.com/frisky1985/yuleDKCS/backend/dkcs/internal/middleware/middleware.go:31.27,33.4 1 1
github.com/frisky1985/yuleDKCS/backend/dkcs/internal/middleware/middleware.go:35.3,36.18 2 1
github.com/frisky1985/yuleDKCS/backend/dkcs/internal/middleware/middleware.go:36.18,38.4 1 0
github.com/frisky1985/yuleDKCS/backend/dkcs/internal/middleware/middleware.go:41.3,42.17 2 1
github.com/frisky1985/yuleDKCS/backend/dkcs/internal/middleware/middleware.go:42.17,44.4 1 1
github.com/frisky1985/yuleDKCS/backend/dkcs/internal/middleware/middleware.go:47.3,50.27 3 1
github.com/frisky1985/yuleDKCS/backend/dkcs/internal/middleware/middleware.go:55.70,58.128 2 1
github.com/frisky1985/yuleDKCS/backend/dkcs/internal/middleware/middleware.go:58.128,59.23 1 1
github.com/frisky1985/yuleDKCS/backend/dkcs/internal/middleware/middleware.go:59.23,61.4 1 1
github.com/frisky1985/yuleDKCS/backend/dkcs/internal/middleware/middleware.go:62.3,62.27 1 1
github.com/frisky1985/yuleDKCS/backend/dkcs/internal/middleware/middleware.go:67.76,68.128 1 1
github.com/frisky1985/yuleDKCS/backend/dkcs/internal/middleware/middleware.go:68.128,82.17 5 1
github.com/frisky1985/yuleDKCS/backend/dkcs/internal/middleware/middleware.go:82.17,88.4 1 1
github.com/frisky1985/yuleDKCS/backend/dkcs/internal/middleware/middleware.go:88.9,93.4 1 1
github.com/frisky1985/yuleDKCS/backend/dkcs/internal/middleware/middleware.go:95.3,95.19 1 1
github.com/frisky1985/yuleDKCS/backend/dkcs/internal/middleware/middleware.go:100.77,101.137 1 1
github.com/frisky1985/yuleDKCS/backend/dkcs/internal/middleware/middleware.go:101.137,102.16 1 1
github.com/frisky1985/yuleDKCS/backend/dkcs/internal/middleware/middleware.go:102.16,103.32 1 1
github.com/frisky1985/yuleDKCS/backend/dkcs/internal/middleware/middleware.go:103.32,109.5 2 1
github.com/frisky1985/yuleDKCS/backend/dkcs/internal/middleware/middleware.go:111.3,111.27 1 1
github.com/frisky1985/yuleDKCS/backend/dkcs/internal/middleware/middleware.go:116.76,117.128 1 1
github.com/frisky1985/yuleDKCS/backend/dkcs/internal/middleware/middleware.go:117.128,124.13 5 1
github.com/frisky1985/yuleDKCS/backend/dkcs/internal/middleware/middleware.go:124.13,126.18 2 1
github.com/frisky1985/yuleDKCS/backend/dkcs/internal/middleware/middleware.go:126.18,128.5 1 1
github.com/frisky1985/yuleDKCS/backend/dkcs/internal/middleware/middleware.go:128.10,130.5 1 1
github.com/frisky1985/yuleDKCS/backend/dkcs/internal/middleware/middleware.go:133.3,133.10 1 1
github.com/frisky1985/yuleDKCS/backend/dkcs/internal/middleware/middleware.go:134.21,135.71 1 1
github.com/frisky1985/yuleDKCS/backend/dkcs/internal/middleware/middleware.go:136.25,137.20 1 1
github.com/frisky1985/yuleDKCS/backend/dkcs/internal/middleware/middleware.go:138.23,139.19 1 1
github.com/frisky1985/yuleDKCS/backend/dkcs/internal/middleware/middleware.go:145.78,146.128 1 1
github.com/frisky1985/yuleDKCS/backend/dkcs/internal/middleware/middleware.go:146.128,153.17 5 1
github.com/frisky1985/yuleDKCS/backend/dkcs/internal/middleware/middleware.go:153.17,154.42 1 1
github.com/frisky1985/yuleDKCS/backend/dkcs/internal/middleware/middleware.go:154.42,156.5 1 1
github.com/frisky1985/yuleDKCS/backend/dkcs/internal/middleware/middleware.go:159.3,161.19 2 1
github.com/frisky1985/yuleDKCS/backend/dkcs/internal/middleware/middleware.go:182.44,190.28 2 1
github.com/frisky1985/yuleDKCS/backend/dkcs/internal/middleware/middleware.go:190.28,192.3 1 1
github.com/frisky1985/yuleDKCS/backend/dkcs/internal/middleware/middleware.go:195.2,195.12 1 1
github.com/frisky1985/yuleDKCS/backend/dkcs/internal/middleware/middleware.go:195.12,198.7 3 1
github.com/frisky1985/yuleDKCS/backend/dkcs/internal/middleware/middleware.go:198.7,199.11 1 1
github.com/frisky1985/yuleDKCS/backend/dkcs/internal/middleware/middleware.go:200.20,201.12 1 0
github.com/frisky1985/yuleDKCS/backend/dkcs/internal/middleware/middleware.go:202.34,202.34 0 0
github.com/frisky1985/yuleDKCS/backend/dkcs/internal/middleware/middleware.go:203.13,203.13 0 0
github.com/frisky1985/yuleDKCS/backend/dkcs/internal/middleware/middleware.go:205.21,206.11 1 1
github.com/frisky1985/yuleDKCS/backend/dkcs/internal/middleware/middleware.go:211.2,211.11 1 1
github.com/frisky1985/yuleDKCS/backend/dkcs/internal/middleware/middleware.go:216.31,219.17 3 1
github.com/frisky1985/yuleDKCS/backend/dkcs/internal/middleware/middleware.go:219.17,222.3 2 1
github.com/frisky1985/yuleDKCS/backend/dkcs/internal/middleware/middleware.go:225.37,226.9 1 1
github.com/frisky1985/yuleDKCS/backend/dkcs/internal/middleware/middleware.go:227.19,228.14 1 1
github.com/frisky1985/yuleDKCS/backend/dkcs/internal/middleware/middleware.go:229.10,230.15 1 1
github.com/frisky1985/yuleDKCS/backend/dkcs/internal/middleware/middleware.go:235.97,236.128 1 1
github.com/frisky1985/yuleDKCS/backend/dkcs/internal/middleware/middleware.go:236.128,238.47 2 1
github.com/frisky1985/yuleDKCS/backend/dkcs/internal/middleware/middleware.go:238.47,241.76 3 1
github.com/frisky1985/yuleDKCS/backend/dkcs/internal/middleware/middleware.go:241.76,243.5 1 1
github.com/frisky1985/yuleDKCS/backend/dkcs/internal/middleware/middleware.go:245.3,245.25 1 1
github.com/frisky1985/yuleDKCS/backend/dkcs/internal/middleware/jwt.go:20.73,21.104 1 1
github.com/frisky1985/yuleDKCS/backend/dkcs/internal/middleware/jwt.go:21.104,23.58 1 1
github.com/frisky1985/yuleDKCS/backend/dkcs/internal/middleware/jwt.go:23.58,25.4 1 0
github.com/frisky1985/yuleDKCS/backend/dkcs/internal/middleware/jwt.go:26.3,26.32 1 1
github.com/frisky1985/yuleDKCS/backend/dkcs/internal/middleware/jwt.go:28.2,28.16 1 1
github.com/frisky1985/yuleDKCS/backend/dkcs/internal/middleware/jwt.go:28.16,30.3 1 1
github.com/frisky1985/yuleDKCS/backend/dkcs/internal/middleware/jwt.go:32.2,33.25 2 1
github.com/frisky1985/yuleDKCS/backend/dkcs/internal/middleware/jwt.go:33.25,35.3 1 0
github.com/frisky1985/yuleDKCS/backend/dkcs/internal/middleware/jwt.go:37.2,37.20 1 1
github.com/frisky1985/yuleDKCS/backend/dkcs/internal/middleware/middleware.go:18.68,19.128 1 1
github.com/frisky1985/yuleDKCS/backend/dkcs/internal/middleware/middleware.go:19.128,21.56 1 1
github.com/frisky1985/yuleDKCS/backend/dkcs/internal/middleware/middleware.go:21.56,23.4 1 1
github.com/frisky1985/yuleDKCS/backend/dkcs/internal/middleware/middleware.go:25.3,26.10 2 1
github.com/frisky1985/yuleDKCS/backend/dkcs/internal/middleware/middleware.go:26.10,28.4 1 1
github.com/frisky1985/yuleDKCS/backend/dkcs/internal/middleware/middleware.go:30.3,31.27 2 1
github.com/frisky1985/yuleDKCS/backend/dkcs/internal/middleware/middleware.go:31.27,33.4 1 1
github.com/frisky1985/yuleDKCS/backend/dkcs/internal/middleware/middleware.go:35.3,36.18 2 1
github.com/frisky1985/yuleDKCS/backend/dkcs/internal/middleware/middleware.go:36.18,38.4 1 0
github.com/frisky1985/yuleDKCS/backend/dkcs/internal/middleware/middleware.go:41.3,42.17 2 1
github.com/frisky1985/yuleDKCS/backend/dkcs/internal/middleware/middleware.go:42.17,44.4 1 1
github.com/frisky1985/yuleDKCS/backend/dkcs/internal/middleware/middleware.go:47.3,50.27 3 1
github.com/frisky1985/yuleDKCS/backend/dkcs/internal/middleware/middleware.go:55.70,58.128 2 1
github.com/frisky1985/yuleDKCS/backend/dkcs/internal/middleware/middleware.go:58.128,59.23 1 1
github.com/frisky1985/yuleDKCS/backend/dkcs/internal/middleware/middleware.go:59.23,61.4 1 1
github.com/frisky1985/yuleDKCS/backend/dkcs/internal/middleware/middleware.go:62.3,62.27 1 1
github.com/frisky1985/yuleDKCS/backend/dkcs/internal/middleware/middleware.go:67.76,68.128 1 1
github.com/frisky1985/yuleDKCS/backend/dkcs/internal/middleware/middleware.go:68.128,82.17 5 1
github.com/frisky1985/yuleDKCS/backend/dkcs/internal/middleware/middleware.go:82.17,88.4 1 1
github.com/frisky1985/yuleDKCS/backend/dkcs/internal/middleware/middleware.go:88.9,93.4 1 1
github.com/frisky1985/yuleDKCS/backend/dkcs/internal/middleware/middleware.go:95.3,95.19 1 1
github.com/frisky1985/yuleDKCS/backend/dkcs/internal/middleware/middleware.go:100.77,101.137 1 1
github.com/frisky1985/yuleDKCS/backend/dkcs/internal/middleware/middleware.go:101.137,102.16 1 1
github.com/frisky1985/yuleDKCS/backend/dkcs/internal/middleware/middleware.go:102.16,103.32 1 1
github.com/frisky1985/yuleDKCS/backend/dkcs/internal/middleware/middleware.go:103.32,109.5 2 1
github.com/frisky1985/yuleDKCS/backend/dkcs/internal/middleware/middleware.go:111.3,111.27 1 1
github.com/frisky1985/yuleDKCS/backend/dkcs/internal/middleware/middleware.go:116.76,117.128 1 1
github.com/frisky1985/yuleDKCS/backend/dkcs/internal/middleware/middleware.go:117.128,124.13 5 1
github.com/frisky1985/yuleDKCS/backend/dkcs/internal/middleware/middleware.go:124.13,126.18 2 1
github.com/frisky1985/yuleDKCS/backend/dkcs/internal/middleware/middleware.go:126.18,128.5 1 1
github.com/frisky1985/yuleDKCS/backend/dkcs/internal/middleware/middleware.go:128.10,130.5 1 1
github.com/frisky1985/yuleDKCS/backend/dkcs/internal/middleware/middleware.go:133.3,133.10 1 1
github.com/frisky1985/yuleDKCS/backend/dkcs/internal/middleware/middleware.go:134.21,135.71 1 1
github.com/frisky1985/yuleDKCS/backend/dkcs/internal/middleware/middleware.go:136.25,137.20 1 1
github.com/frisky1985/yuleDKCS/backend/dkcs/internal/middleware/middleware.go:138.23,139.19 1 1
github.com/frisky1985/yuleDKCS/backend/dkcs/internal/middleware/middleware.go:145.78,146.128 1 1
github.com/frisky1985/yuleDKCS/backend/dkcs/internal/middleware/middleware.go:146.128,153.17 5 1
github.com/frisky1985/yuleDKCS/backend/dkcs/internal/middleware/middleware.go:153.17,154.42 1 1
github.com/frisky1985/yuleDKCS/backend/dkcs/internal/middleware/middleware.go:154.42,156.5 1 1
github.com/frisky1985/yuleDKCS/backend/dkcs/internal/middleware/middleware.go:159.3,161.19 2 1
github.com/frisky1985/yuleDKCS/backend/dkcs/internal/middleware/middleware.go:182.44,190.28 2 1
github.com/frisky1985/yuleDKCS/backend/dkcs/internal/middleware/middleware.go:190.28,192.3 1 1
github.com/frisky1985/yuleDKCS/backend/dkcs/internal/middleware/middleware.go:195.2,195.12 1 1
github.com/frisky1985/yuleDKCS/backend/dkcs/internal/middleware/middleware.go:195.12,198.7 3 1
github.com/frisky1985/yuleDKCS/backend/dkcs/internal/middleware/middleware.go:198.7,199.11 1 1
github.com/frisky1985/yuleDKCS/backend/dkcs/internal/middleware/middleware.go:200.20,201.12 1 0
github.com/frisky1985/yuleDKCS/backend/dkcs/internal/middleware/middleware.go:202.34,202.34 0 0
github.com/frisky1985/yuleDKCS/backend/dkcs/internal/middleware/middleware.go:203.13,203.13 0 0
github.com/frisky1985/yuleDKCS/backend/dkcs/internal/middleware/middleware.go:205.21,206.11 1 1
github.com/frisky1985/yuleDKCS/backend/dkcs/internal/middleware/middleware.go:211.2,211.11 1 1
github.com/frisky1985/yuleDKCS/backend/dkcs/internal/middleware/middleware.go:216.31,219.17 3 1
github.com/frisky1985/yuleDKCS/backend/dkcs/internal/middleware/middleware.go:219.17,222.3 2 1
github.com/frisky1985/yuleDKCS/backend/dkcs/internal/middleware/middleware.go:225.37,226.9 1 1
github.com/frisky1985/yuleDKCS/backend/dkcs/internal/middleware/middleware.go:227.19,228.14 1 1
github.com/frisky1985/yuleDKCS/backend/dkcs/internal/middleware/middleware.go:229.10,230.15 1 1
github.com/frisky1985/yuleDKCS/backend/dkcs/internal/middleware/middleware.go:235.97,236.128 1 1
github.com/frisky1985/yuleDKCS/backend/dkcs/internal/middleware/middleware.go:236.128,238.47 2 1
github.com/frisky1985/yuleDKCS/backend/dkcs/internal/middleware/middleware.go:238.47,241.76 3 1
github.com/frisky1985/yuleDKCS/backend/dkcs/internal/middleware/middleware.go:241.76,243.5 1 1
github.com/frisky1985/yuleDKCS/backend/dkcs/internal/middleware/middleware.go:245.3,245.25 1 1
