mode: set
github.com/frisky1985/yuleDKCS/backend/dkcs/internal/mq/kafka.go:25.67,32.16 6 1
github.com/frisky1985/yuleDKCS/backend/dkcs/internal/mq/kafka.go:32.16,34.3 1 1
github.com/frisky1985/yuleDKCS/backend/dkcs/internal/mq/kafka.go:36.2,39.8 1 0
github.com/frisky1985/yuleDKCS/backend/dkcs/internal/mq/kafka.go:51.117,60.16 3 1
github.com/frisky1985/yuleDKCS/backend/dkcs/internal/mq/kafka.go:60.16,62.3 1 0
github.com/frisky1985/yuleDKCS/backend/dkcs/internal/mq/kafka.go:64.2,71.16 3 1
github.com/frisky1985/yuleDKCS/backend/dkcs/internal/mq/kafka.go:71.16,73.3 1 1
github.com/frisky1985/yuleDKCS/backend/dkcs/internal/mq/kafka.go:75.2,75.12 1 1
github.com/frisky1985/yuleDKCS/backend/dkcs/internal/mq/kafka.go:79.147,88.16 3 1
github.com/frisky1985/yuleDKCS/backend/dkcs/internal/mq/kafka.go:88.16,90.3 1 0
github.com/frisky1985/yuleDKCS/backend/dkcs/internal/mq/kafka.go:92.2,100.16 3 1
github.com/frisky1985/yuleDKCS/backend/dkcs/internal/mq/kafka.go:100.16,102.3 1 1
github.com/frisky1985/yuleDKCS/backend/dkcs/internal/mq/kafka.go:104.2,104.12 1 1
github.com/frisky1985/yuleDKCS/backend/dkcs/internal/mq/kafka.go:108.39,110.2 1 1
github.com/frisky1985/yuleDKCS/backend/dkcs/internal/mq/kafka.go:127.84,129.2 1 1
github.com/frisky1985/yuleDKCS/backend/dkcs/internal/mq/kafka.go:132.107,139.16 6 1
github.com/frisky1985/yuleDKCS/backend/dkcs/internal/mq/kafka.go:139.16,141.3 1 1
github.com/frisky1985/yuleDKCS/backend/dkcs/internal/mq/kafka.go:143.2,147.8 1 0
github.com/frisky1985/yuleDKCS/backend/dkcs/internal/mq/kafka.go:155.75,155.89 1 1
github.com/frisky1985/yuleDKCS/backend/dkcs/internal/mq/kafka.go:156.75,156.89 1 1
github.com/frisky1985/yuleDKCS/backend/dkcs/internal/mq/kafka.go:158.121,159.36 1 1
github.com/frisky1985/yuleDKCS/backend/dkcs/internal/mq/kafka.go:159.36,161.61 2 1
github.com/frisky1985/yuleDKCS/backend/dkcs/internal/mq/kafka.go:161.61,163.12 1 1
github.com/frisky1985/yuleDKCS/backend/dkcs/internal/mq/kafka.go:166.3,166.78 1 1
github.com/frisky1985/yuleDKCS/backend/dkcs/internal/mq/kafka.go:166.78,168.12 1 1
github.com/frisky1985/yuleDKCS/backend/dkcs/internal/mq/kafka.go:171.3,171.31 1 1
github.com/frisky1985/yuleDKCS/backend/dkcs/internal/mq/kafka.go:173.2,173.12 1 1
github.com/frisky1985/yuleDKCS/backend/dkcs/internal/mq/kafka.go:177.58,179.6 2 1
github.com/frisky1985/yuleDKCS/backend/dkcs/internal/mq/kafka.go:179.6,180.10 1 1
github.com/frisky1985/yuleDKCS/backend/dkcs/internal/mq/kafka.go:181.21,182.20 1 1
github.com/frisky1985/yuleDKCS/backend/dkcs/internal/mq/kafka.go:183.11,184.78 1 1
github.com/frisky1985/yuleDKCS/backend/dkcs/internal/mq/kafka.go:184.78,186.5 1 1
github.com/frisky1985/yuleDKCS/backend/dkcs/internal/mq/kafka.go:192.39,194.2 1 1
github.com/frisky1985/yuleDKCS/backend/dkcs/internal/mq/kafka.go:25.67,32.16 6 1
github.com/frisky1985/yuleDKCS/backend/dkcs/internal/mq/kafka.go:32.16,34.3 1 1
github.com/frisky1985/yuleDKCS/backend/dkcs/internal/mq/kafka.go:36.2,39.8 1 0
github.com/frisky1985/yuleDKCS/backend/dkcs/internal/mq/kafka.go:51.117,60.16 3 1
github.com/frisky1985/yuleDKCS/backend/dkcs/internal/mq/kafka.go:60.16,62.3 1 0
github.com/frisky1985/yuleDKCS/backend/dkcs/internal/mq/kafka.go:64.2,71.16 3 1
github.com/frisky1985/yuleDKCS/backend/dkcs/internal/mq/kafka.go:71.16,73.3 1 1
github.com/frisky1985/yuleDKCS/backend/dkcs/internal/mq/kafka.go:75.2,75.12 1 1
github.com/frisky1985/yuleDKCS/backend/dkcs/internal/mq/kafka.go:79.147,88.16 3 1
github.com/frisky1985/yuleDKCS/backend/dkcs/internal/mq/kafka.go:88.16,90.3 1 0
github.com/frisky1985/yuleDKCS/backend/dkcs/internal/mq/kafka.go:92.2,100.16 3 1
github.com/frisky1985/yuleDKCS/backend/dkcs/internal/mq/kafka.go:100.16,102.3 1 1
github.com/frisky1985/yuleDKCS/backend/dkcs/internal/mq/kafka.go:104.2,104.12 1 1
github.com/frisky1985/yuleDKCS/backend/dkcs/internal/mq/kafka.go:108.39,110.2 1 1
github.com/frisky1985/yuleDKCS/backend/dkcs/internal/mq/kafka.go:127.84,129.2 1 1
github.com/frisky1985/yuleDKCS/backend/dkcs/internal/mq/kafka.go:132.107,139.16 6 1
github.com/frisky1985/yuleDKCS/backend/dkcs/internal/mq/kafka.go:139.16,141.3 1 1
github.com/frisky1985/yuleDKCS/backend/dkcs/internal/mq/kafka.go:143.2,147.8 1 0
github.com/frisky1985/yuleDKCS/backend/dkcs/internal/mq/kafka.go:155.75,155.89 1 1
github.com/frisky1985/yuleDKCS/backend/dkcs/internal/mq/kafka.go:156.75,156.89 1 1
github.com/frisky1985/yuleDKCS/backend/dkcs/internal/mq/kafka.go:158.121,159.36 1 1
github.com/frisky1985/yuleDKCS/backend/dkcs/internal/mq/kafka.go:159.36,161.61 2 1
github.com/frisky1985/yuleDKCS/backend/dkcs/internal/mq/kafka.go:161.61,163.12 1 1
github.com/frisky1985/yuleDKCS/backend/dkcs/internal/mq/kafka.go:166.3,166.78 1 1
github.com/frisky1985/yuleDKCS/backend/dkcs/internal/mq/kafka.go:166.78,168.12 1 1
github.com/frisky1985/yuleDKCS/backend/dkcs/internal/mq/kafka.go:171.3,171.31 1 1
github.com/frisky1985/yuleDKCS/backend/dkcs/internal/mq/kafka.go:173.2,173.12 1 1
github.com/frisky1985/yuleDKCS/backend/dkcs/internal/mq/kafka.go:177.58,179.6 2 1
github.com/frisky1985/yuleDKCS/backend/dkcs/internal/mq/kafka.go:179.6,180.10 1 1
github.com/frisky1985/yuleDKCS/backend/dkcs/internal/mq/kafka.go:181.21,182.20 1 1
github.com/frisky1985/yuleDKCS/backend/dkcs/internal/mq/kafka.go:183.11,184.78 1 1
github.com/frisky1985/yuleDKCS/backend/dkcs/internal/mq/kafka.go:184.78,186.5 1 1
github.com/frisky1985/yuleDKCS/backend/dkcs/internal/mq/kafka.go:192.39,194.2 1 1
github.com/frisky1985/yuleDKCS/backend/dkcs/internal/mq/kafka.go:25.67,32.16 6 1
github.com/frisky1985/yuleDKCS/backend/dkcs/internal/mq/kafka.go:32.16,34.3 1 1
github.com/frisky1985/yuleDKCS/backend/dkcs/internal/mq/kafka.go:36.2,39.8 1 0
github.com/frisky1985/yuleDKCS/backend/dkcs/internal/mq/kafka.go:51.117,60.16 3 1
github.com/frisky1985/yuleDKCS/backend/dkcs/internal/mq/kafka.go:60.16,62.3 1 0
github.com/frisky1985/yuleDKCS/backend/dkcs/internal/mq/kafka.go:64.2,71.16 3 1
github.com/frisky1985/yuleDKCS/backend/dkcs/internal/mq/kafka.go:71.16,73.3 1 1
github.com/frisky1985/yuleDKCS/backend/dkcs/internal/mq/kafka.go:75.2,75.12 1 1
github.com/frisky1985/yuleDKCS/backend/dkcs/internal/mq/kafka.go:79.147,88.16 3 1
github.com/frisky1985/yuleDKCS/backend/dkcs/internal/mq/kafka.go:88.16,90.3 1 0
github.com/frisky1985/yuleDKCS/backend/dkcs/internal/mq/kafka.go:92.2,100.16 3 1
github.com/frisky1985/yuleDKCS/backend/dkcs/internal/mq/kafka.go:100.16,102.3 1 1
github.com/frisky1985/yuleDKCS/backend/dkcs/internal/mq/kafka.go:104.2,104.12 1 1
github.com/frisky1985/yuleDKCS/backend/dkcs/internal/mq/kafka.go:108.39,110.2 1 1
github.com/frisky1985/yuleDKCS/backend/dkcs/internal/mq/kafka.go:127.84,129.2 1 1
github.com/frisky1985/yuleDKCS/backend/dkcs/internal/mq/kafka.go:132.107,139.16 6 1
github.com/frisky1985/yuleDKCS/backend/dkcs/internal/mq/kafka.go:139.16,141.3 1 1
github.com/frisky1985/yuleDKCS/backend/dkcs/internal/mq/kafka.go:143.2,147.8 1 0
github.com/frisky1985/yuleDKCS/backend/dkcs/internal/mq/kafka.go:155.75,155.89 1 1
github.com/frisky1985/yuleDKCS/backend/dkcs/internal/mq/kafka.go:156.75,156.89 1 1
github.com/frisky1985/yuleDKCS/backend/dkcs/internal/mq/kafka.go:158.121,159.36 1 1
github.com/frisky1985/yuleDKCS/backend/dkcs/internal/mq/kafka.go:159.36,161.61 2 1
github.com/frisky1985/yuleDKCS/backend/dkcs/internal/mq/kafka.go:161.61,163.12 1 1
github.com/frisky1985/yuleDKCS/backend/dkcs/internal/mq/kafka.go:166.3,166.78 1 1
github.com/frisky1985/yuleDKCS/backend/dkcs/internal/mq/kafka.go:166.78,168.12 1 1
github.com/frisky1985/yuleDKCS/backend/dkcs/internal/mq/kafka.go:171.3,171.31 1 1
github.com/frisky1985/yuleDKCS/backend/dkcs/internal/mq/kafka.go:173.2,173.12 1 1
github.com/frisky1985/yuleDKCS/backend/dkcs/internal/mq/kafka.go:177.58,179.6 2 1
github.com/frisky1985/yuleDKCS/backend/dkcs/internal/mq/kafka.go:179.6,180.10 1 1
github.com/frisky1985/yuleDKCS/backend/dkcs/internal/mq/kafka.go:181.21,182.20 1 0
github.com/frisky1985/yuleDKCS/backend/dkcs/internal/mq/kafka.go:183.11,184.78 1 1
github.com/frisky1985/yuleDKCS/backend/dkcs/internal/mq/kafka.go:184.78,186.5 1 1
github.com/frisky1985/yuleDKCS/backend/dkcs/internal/mq/kafka.go:192.39,194.2 1 1
