mode: atomic
github.com/frisky1985/yuleDKCS/backend/dkcs/pkg/logger/logger.go:9.20,11.2 1 0
github.com/frisky1985/yuleDKCS/backend/dkcs/pkg/logger/logger.go:13.60,13.61 0 0
github.com/frisky1985/yuleDKCS/backend/dkcs/pkg/logger/logger.go:14.60,14.61 0 0
github.com/frisky1985/yuleDKCS/backend/dkcs/pkg/logger/logger.go:15.60,15.61 0 0
github.com/frisky1985/yuleDKCS/backend/dkcs/pkg/logger/logger.go:16.60,16.61 0 0
github.com/frisky1985/yuleDKCS/backend/dkcs/pkg/logger/logger.go:17.59,17.71 1 0
github.com/frisky1985/yuleDKCS/backend/dkcs/internal/cache/redis.go:18.63,25.2 2 0
github.com/frisky1985/yuleDKCS/backend/dkcs/internal/cache/redis.go:28.45,30.2 1 0
github.com/frisky1985/yuleDKCS/backend/dkcs/internal/cache/redis.go:33.110,35.16 2 0
github.com/frisky1985/yuleDKCS/backend/dkcs/internal/cache/redis.go:35.16,37.3 1 0
github.com/frisky1985/yuleDKCS/backend/dkcs/internal/cache/redis.go:38.2,38.55 1 0
github.com/frisky1985/yuleDKCS/backend/dkcs/internal/cache/redis.go:42.83,44.16 2 0
github.com/frisky1985/yuleDKCS/backend/dkcs/internal/cache/redis.go:44.16,46.3 1 0
github.com/frisky1985/yuleDKCS/backend/dkcs/internal/cache/redis.go:47.2,47.35 1 0
github.com/frisky1985/yuleDKCS/backend/dkcs/internal/cache/redis.go:51.80,53.2 1 0
github.com/frisky1985/yuleDKCS/backend/dkcs/internal/cache/redis.go:56.68,58.2 1 0
github.com/frisky1985/yuleDKCS/backend/dkcs/internal/cache/redis.go:61.76,64.2 2 0
github.com/frisky1985/yuleDKCS/backend/dkcs/internal/cache/redis.go:67.94,69.2 1 0
github.com/frisky1985/yuleDKCS/backend/dkcs/internal/cache/redis.go:72.82,74.2 1 0
github.com/frisky1985/yuleDKCS/backend/dkcs/internal/cache/redis.go:77.75,79.2 1 0
github.com/frisky1985/yuleDKCS/backend/dkcs/internal/cache/redis.go:82.90,84.2 1 0
github.com/frisky1985/yuleDKCS/backend/dkcs/internal/cache/redis.go:87.75,89.2 1 0
github.com/frisky1985/yuleDKCS/backend/dkcs/internal/cache/redis.go:92.99,94.16 2 0
github.com/frisky1985/yuleDKCS/backend/dkcs/internal/cache/redis.go:94.16,96.3 1 0
github.com/frisky1985/yuleDKCS/backend/dkcs/internal/cache/redis.go:97.2,97.51 1 0
github.com/frisky1985/yuleDKCS/backend/dkcs/internal/cache/redis.go:101.91,103.16 2 0
github.com/frisky1985/yuleDKCS/backend/dkcs/internal/cache/redis.go:103.16,105.3 1 0
github.com/frisky1985/yuleDKCS/backend/dkcs/internal/cache/redis.go:106.2,106.35 1 0
github.com/frisky1985/yuleDKCS/backend/dkcs/internal/cache/redis.go:110.90,112.2 1 0
github.com/frisky1985/yuleDKCS/backend/dkcs/internal/cache/redis.go:115.84,117.2 1 0
github.com/frisky1985/yuleDKCS/backend/dkcs/internal/cache/redis.go:120.90,122.27 2 0
github.com/frisky1985/yuleDKCS/backend/dkcs/internal/cache/redis.go:122.27,125.3 2 0
github.com/frisky1985/yuleDKCS/backend/dkcs/internal/cache/redis.go:126.2,126.48 1 0
github.com/frisky1985/yuleDKCS/backend/dkcs/internal/cache/redis.go:130.90,132.27 2 0
github.com/frisky1985/yuleDKCS/backend/dkcs/internal/cache/redis.go:132.27,135.3 2 0
github.com/frisky1985/yuleDKCS/backend/dkcs/internal/cache/redis.go:136.2,136.48 1 0
github.com/frisky1985/yuleDKCS/backend/dkcs/internal/cache/redis.go:140.84,142.16 2 0
github.com/frisky1985/yuleDKCS/backend/dkcs/internal/cache/redis.go:142.16,144.3 1 0
github.com/frisky1985/yuleDKCS/backend/dkcs/internal/cache/redis.go:145.2,145.35 1 0
github.com/frisky1985/yuleDKCS/backend/dkcs/internal/cache/redis.go:149.84,151.16 2 0
github.com/frisky1985/yuleDKCS/backend/dkcs/internal/cache/redis.go:151.16,153.3 1 0
github.com/frisky1985/yuleDKCS/backend/dkcs/internal/cache/redis.go:154.2,154.35 1 0
github.com/frisky1985/yuleDKCS/backend/dkcs/internal/cache/redis.go:158.99,160.2 1 0
github.com/frisky1985/yuleDKCS/backend/dkcs/internal/cache/redis.go:163.75,165.2 1 0
github.com/frisky1985/yuleDKCS/backend/dkcs/internal/cache/redis.go:168.90,170.28 2 0
github.com/frisky1985/yuleDKCS/backend/dkcs/internal/cache/redis.go:170.28,173.3 2 0
github.com/frisky1985/yuleDKCS/backend/dkcs/internal/cache/redis.go:174.2,174.47 1 0
github.com/frisky1985/yuleDKCS/backend/dkcs/internal/cache/redis.go:178.82,180.2 1 0
github.com/frisky1985/yuleDKCS/backend/dkcs/internal/cache/redis.go:183.99,186.2 2 0
github.com/frisky1985/yuleDKCS/backend/dkcs/internal/cache/redis.go:189.90,191.28 2 0
github.com/frisky1985/yuleDKCS/backend/dkcs/internal/cache/redis.go:191.28,194.3 2 0
github.com/frisky1985/yuleDKCS/backend/dkcs/internal/cache/redis.go:195.2,195.47 1 0
github.com/frisky1985/yuleDKCS/backend/dkcs/internal/cache/redis.go:199.101,202.2 2 0
github.com/frisky1985/yuleDKCS/backend/dkcs/internal/cache/redis.go:205.118,212.2 1 0
github.com/frisky1985/yuleDKCS/backend/dkcs/internal/cache/redis.go:215.95,217.2 1 0
github.com/frisky1985/yuleDKCS/backend/dkcs/internal/cache/redis.go:220.54,222.2 1 0
github.com/frisky1985/yuleDKCS/backend/dkcs/internal/cache/redis.go:225.36,227.2 1 0
github.com/frisky1985/yuleDKCS/backend/dkcs/internal/cache/redis.go:230.100,232.2 1 0
github.com/frisky1985/yuleDKCS/backend/dkcs/internal/cache/redis.go:235.68,237.2 1 0
github.com/frisky1985/yuleDKCS/backend/dkcs/internal/cache/redis.go:240.148,241.34 1 0
github.com/frisky1985/yuleDKCS/backend/dkcs/internal/cache/redis.go:241.34,243.17 2 0
github.com/frisky1985/yuleDKCS/backend/dkcs/internal/cache/redis.go:243.17,245.4 1 0
github.com/frisky1985/yuleDKCS/backend/dkcs/internal/cache/redis.go:246.3,246.15 1 0
github.com/frisky1985/yuleDKCS/backend/dkcs/internal/cache/redis.go:246.15,248.4 1 0
github.com/frisky1985/yuleDKCS/backend/dkcs/internal/cache/redis.go:249.3,249.28 1 0
github.com/frisky1985/yuleDKCS/backend/dkcs/internal/cache/redis.go:251.2,251.19 1 0
github.com/frisky1985/yuleDKCS/backend/dkcs/pkg/telemetry/telemetry.go:9.23,11.2 1 0
github.com/frisky1985/yuleDKCS/backend/dkcs/pkg/telemetry/telemetry.go:13.72,13.73 0 0
github.com/frisky1985/yuleDKCS/backend/dkcs/pkg/telemetry/telemetry.go:14.71,14.72 0 0
github.com/frisky1985/yuleDKCS/backend/dkcs/internal/tsp/service.go:17.46,21.2 1 0
github.com/frisky1985/yuleDKCS/backend/dkcs/internal/tsp/service.go:23.119,42.2 2 0
github.com/frisky1985/yuleDKCS/backend/dkcs/internal/tsp/service.go:44.120,50.6 3 0
github.com/frisky1985/yuleDKCS/backend/dkcs/internal/tsp/service.go:50.6,51.10 1 0
github.com/frisky1985/yuleDKCS/backend/dkcs/internal/tsp/service.go:52.34,53.33 1 0
github.com/frisky1985/yuleDKCS/backend/dkcs/internal/tsp/service.go:54.19,59.46 2 0
github.com/frisky1985/yuleDKCS/backend/dkcs/internal/tsp/service.go:59.46,61.5 1 0
github.com/frisky1985/yuleDKCS/backend/dkcs/internal/device/service.go:12.46,16.2 1 0
github.com/frisky1985/yuleDKCS/backend/dkcs/internal/config/config.go:40.38,47.2 1 0
github.com/frisky1985/yuleDKCS/backend/dkcs/internal/config/config.go:93.21,141.2 1 0
github.com/frisky1985/yuleDKCS/backend/dkcs/internal/config/config.go:144.46,145.42 1 0
github.com/frisky1985/yuleDKCS/backend/dkcs/internal/config/config.go:145.42,147.3 1 0
github.com/frisky1985/yuleDKCS/backend/dkcs/internal/config/config.go:148.2,148.21 1 0
github.com/frisky1985/yuleDKCS/backend/dkcs/internal/config/config.go:151.50,152.42 1 0
github.com/frisky1985/yuleDKCS/backend/dkcs/internal/config/config.go:152.42,153.50 1 0
github.com/frisky1985/yuleDKCS/backend/dkcs/internal/config/config.go:153.50,155.4 1 0
github.com/frisky1985/yuleDKCS/backend/dkcs/internal/config/config.go:157.2,157.21 1 0
github.com/frisky1985/yuleDKCS/backend/dkcs/internal/config/config.go:160.53,161.42 1 0
github.com/frisky1985/yuleDKCS/backend/dkcs/internal/config/config.go:161.42,162.56 1 0
github.com/frisky1985/yuleDKCS/backend/dkcs/internal/config/config.go:162.56,164.4 1 0
github.com/frisky1985/yuleDKCS/backend/dkcs/internal/config/config.go:166.2,166.21 1 0
github.com/frisky1985/yuleDKCS/backend/dkcs/internal/config/config.go:169.62,170.42 1 0
github.com/frisky1985/yuleDKCS/backend/dkcs/internal/config/config.go:170.42,173.41 2 0
github.com/frisky1985/yuleDKCS/backend/dkcs/internal/config/config.go:173.41,174.15 1 0
github.com/frisky1985/yuleDKCS/backend/dkcs/internal/config/config.go:174.15,176.5 1 0
github.com/frisky1985/yuleDKCS/backend/dkcs/internal/config/config.go:178.3,178.22 1 0
github.com/frisky1985/yuleDKCS/backend/dkcs/internal/config/config.go:178.22,180.4 1 0
github.com/frisky1985/yuleDKCS/backend/dkcs/internal/config/config.go:182.2,182.21 1 0
github.com/frisky1985/yuleDKCS/backend/dkcs/internal/config/config.go:185.38,188.22 3 0
github.com/frisky1985/yuleDKCS/backend/dkcs/internal/config/config.go:188.22,189.15 1 0
github.com/frisky1985/yuleDKCS/backend/dkcs/internal/config/config.go:189.15,192.4 2 0
github.com/frisky1985/yuleDKCS/backend/dkcs/internal/config/config.go:192.9,194.4 1 0
github.com/frisky1985/yuleDKCS/backend/dkcs/internal/config/config.go:196.2,196.19 1 0
github.com/frisky1985/yuleDKCS/backend/dkcs/internal/config/config.go:196.19,198.3 1 0
github.com/frisky1985/yuleDKCS/backend/dkcs/internal/config/config.go:199.2,199.15 1 0
